Archive member included to satisfy reference by file (symbol)

c:/Users/OWNER/Downloads/CH32V307EVT/EVT/EXAM/ETH/NetLib\libwchnet.a(eth_api.o)
                              ./NetLib/eth_driver_10M.o (WCHNET_PeriodicHandle)
c:/Users/OWNER/Downloads/CH32V307EVT/EVT/EXAM/ETH/NetLib\libwchnet.a(ipcheck.o)
                              c:/Users/OWNER/Downloads/CH32V307EVT/EVT/EXAM/ETH/NetLib\libwchnet.a(eth_api.o) (IPCheckParaInit)
c:/Users/OWNER/Downloads/CH32V307EVT/EVT/EXAM/ETH/NetLib\libwchnet.a(net_dhcp.o)
                              ./User/main.o (WCHNET_DHCPStart)
c:/Users/OWNER/Downloads/CH32V307EVT/EVT/EXAM/ETH/NetLib\libwchnet.a(net_dns.o)
                              c:/Users/OWNER/Downloads/CH32V307EVT/EVT/EXAM/ETH/NetLib\libwchnet.a(eth_api.o) (DNSInf)
c:/Users/OWNER/Downloads/CH32V307EVT/EVT/EXAM/ETH/NetLib\libwchnet.a(socket.o)
                              c:/Users/OWNER/Downloads/CH32V307EVT/EVT/EXAM/ETH/NetLib\libwchnet.a(net_dhcp.o) (ErrorEncode)
c:/Users/OWNER/Downloads/CH32V307EVT/EVT/EXAM/ETH/NetLib\libwchnet.a(etharp.o)
                              c:/Users/OWNER/Downloads/CH32V307EVT/EVT/EXAM/ETH/NetLib\libwchnet.a(eth_api.o) (etharp_tmr)
c:/Users/OWNER/Downloads/CH32V307EVT/EVT/EXAM/ETH/NetLib\libwchnet.a(ethernetif.o)
                              c:/Users/OWNER/Downloads/CH32V307EVT/EVT/EXAM/ETH/NetLib\libwchnet.a(eth_api.o) (ethernetif_input)
c:/Users/OWNER/Downloads/CH32V307EVT/EVT/EXAM/ETH/NetLib\libwchnet.a(inet.o)
                              c:/Users/OWNER/Downloads/CH32V307EVT/EVT/EXAM/ETH/NetLib\libwchnet.a(socket.o) (inet_ntoa)
c:/Users/OWNER/Downloads/CH32V307EVT/EVT/EXAM/ETH/NetLib\libwchnet.a(ip.o)
                              c:/Users/OWNER/Downloads/CH32V307EVT/EVT/EXAM/ETH/NetLib\libwchnet.a(etharp.o) (ip_input)
c:/Users/OWNER/Downloads/CH32V307EVT/EVT/EXAM/ETH/NetLib\libwchnet.a(ip_addr.o)
                              c:/Users/OWNER/Downloads/CH32V307EVT/EVT/EXAM/ETH/NetLib\libwchnet.a(socket.o) (ip_addr_isbroadcast)
c:/Users/OWNER/Downloads/CH32V307EVT/EVT/EXAM/ETH/NetLib\libwchnet.a(ip_frag.o)
                              c:/Users/OWNER/Downloads/CH32V307EVT/EVT/EXAM/ETH/NetLib\libwchnet.a(eth_api.o) (ip_reass_tmr)
c:/Users/OWNER/Downloads/CH32V307EVT/EVT/EXAM/ETH/NetLib\libwchnet.a(dhcp.o)
                              c:/Users/OWNER/Downloads/CH32V307EVT/EVT/EXAM/ETH/NetLib\libwchnet.a(net_dhcp.o) (dhcp_arp_reply)
c:/Users/OWNER/Downloads/CH32V307EVT/EVT/EXAM/ETH/NetLib\libwchnet.a(dns.o)
                              c:/Users/OWNER/Downloads/CH32V307EVT/EVT/EXAM/ETH/NetLib\libwchnet.a(dhcp.o) (dns_setserver)
c:/Users/OWNER/Downloads/CH32V307EVT/EVT/EXAM/ETH/NetLib\libwchnet.a(init.o)
                              c:/Users/OWNER/Downloads/CH32V307EVT/EVT/EXAM/ETH/NetLib\libwchnet.a(ethernetif.o) (lwip_init)
c:/Users/OWNER/Downloads/CH32V307EVT/EVT/EXAM/ETH/NetLib\libwchnet.a(mem.o)
                              c:/Users/OWNER/Downloads/CH32V307EVT/EVT/EXAM/ETH/NetLib\libwchnet.a(init.o) (mem_init)
c:/Users/OWNER/Downloads/CH32V307EVT/EVT/EXAM/ETH/NetLib\libwchnet.a(memp.o)
                              c:/Users/OWNER/Downloads/CH32V307EVT/EVT/EXAM/ETH/NetLib\libwchnet.a(init.o) (memp_init)
c:/Users/OWNER/Downloads/CH32V307EVT/EVT/EXAM/ETH/NetLib\libwchnet.a(netif.o)
                              c:/Users/OWNER/Downloads/CH32V307EVT/EVT/EXAM/ETH/NetLib\libwchnet.a(dhcp.o) (netif_set_ipaddr)
c:/Users/OWNER/Downloads/CH32V307EVT/EVT/EXAM/ETH/NetLib\libwchnet.a(pbuf.o)
                              c:/Users/OWNER/Downloads/CH32V307EVT/EVT/EXAM/ETH/NetLib\libwchnet.a(socket.o) (pbuf_header)
c:/Users/OWNER/Downloads/CH32V307EVT/EVT/EXAM/ETH/NetLib\libwchnet.a(raw.o)
                              c:/Users/OWNER/Downloads/CH32V307EVT/EVT/EXAM/ETH/NetLib\libwchnet.a(ip.o) (raw_input)
c:/Users/OWNER/Downloads/CH32V307EVT/EVT/EXAM/ETH/NetLib\libwchnet.a(tcp.o)
                              c:/Users/OWNER/Downloads/CH32V307EVT/EVT/EXAM/ETH/NetLib\libwchnet.a(socket.o) (tcp_bind)
c:/Users/OWNER/Downloads/CH32V307EVT/EVT/EXAM/ETH/NetLib\libwchnet.a(tcp_in.o)
                              c:/Users/OWNER/Downloads/CH32V307EVT/EVT/EXAM/ETH/NetLib\libwchnet.a(ip.o) (tcp_input)
c:/Users/OWNER/Downloads/CH32V307EVT/EVT/EXAM/ETH/NetLib\libwchnet.a(tcp_out.o)
                              c:/Users/OWNER/Downloads/CH32V307EVT/EVT/EXAM/ETH/NetLib\libwchnet.a(tcp.o) (tcp_enqueue)
c:/Users/OWNER/Downloads/CH32V307EVT/EVT/EXAM/ETH/NetLib\libwchnet.a(udp.o)
                              c:/Users/OWNER/Downloads/CH32V307EVT/EVT/EXAM/ETH/NetLib\libwchnet.a(ip.o) (udp_input)
c:/Users/OWNER/Downloads/CH32V307EVT/EVT/EXAM/ETH/NetLib\libwchnet.a(icmp.o)
                              c:/Users/OWNER/Downloads/CH32V307EVT/EVT/EXAM/ETH/NetLib\libwchnet.a(ip.o) (icmp_input)
c:/Users/OWNER/Downloads/CH32V307EVT/EVT/EXAM/ETH/NetLib\libwchnet.a(inet_chksum.o)
                              c:/Users/OWNER/Downloads/CH32V307EVT/EVT/EXAM/ETH/NetLib\libwchnet.a(tcp_in.o) (inet_chksum_pseudo)
[...]
Memory Configuration

Name             Origin             Length             Attributes
FLASH            0x0000000000000000 0x0000000000040000 xr
RAM              0x0000000020000000 0x0000000000010000 xrw
*default*        0x0000000000000000 0xffffffffffffffff

Linker script and memory map

LOAD ./mbedtls/library/aes.o
LOAD ./mbedtls/library/aesni.o
LOAD ./mbedtls/library/arc4.o
LOAD ./mbedtls/library/aria.o
LOAD ./mbedtls/library/asn1parse.o
LOAD ./mbedtls/library/asn1write.o
LOAD ./mbedtls/library/base64.o
LOAD ./mbedtls/library/bignum.o
LOAD ./mbedtls/library/blowfish.o
LOAD ./mbedtls/library/camellia.o
LOAD ./mbedtls/library/ccm.o
LOAD ./mbedtls/library/certs.o
LOAD ./mbedtls/library/chacha20.o
LOAD ./mbedtls/library/chachapoly.o
LOAD ./mbedtls/library/cipher.o
LOAD ./mbedtls/library/cipher_wrap.o
LOAD ./mbedtls/library/cmac.o
LOAD ./mbedtls/library/ctr_drbg.o
LOAD ./mbedtls/library/debug.o
LOAD ./mbedtls/library/des.o
LOAD ./mbedtls/library/dhm.o
LOAD ./mbedtls/library/ecdh.o
LOAD ./mbedtls/library/ecdsa.o
LOAD ./mbedtls/library/ecjpake.o
LOAD ./mbedtls/library/ecp.o
LOAD ./mbedtls/library/ecp_curves.o
LOAD ./mbedtls/library/entropy.o
LOAD ./mbedtls/library/entropy_poll.o
LOAD ./mbedtls/library/error.o
LOAD ./mbedtls/library/gcm.o
LOAD ./mbedtls/library/havege.o
LOAD ./mbedtls/library/hkdf.o
LOAD ./mbedtls/library/hmac_drbg.o
LOAD ./mbedtls/library/md.o
LOAD ./mbedtls/library/md2.o
LOAD ./mbedtls/library/md4.o
LOAD ./mbedtls/library/md5.o
LOAD ./mbedtls/library/memory_buffer_alloc.o
LOAD ./mbedtls/library/net_sockets.o
LOAD ./mbedtls/library/nist_kw.o
LOAD ./mbedtls/library/oid.o
LOAD ./mbedtls/library/padlock.o
LOAD ./mbedtls/library/pem.o
LOAD ./mbedtls/library/pk.o
LOAD ./mbedtls/library/pk_wrap.o
LOAD ./mbedtls/library/pkcs11.o
LOAD ./mbedtls/library/pkcs12.o
LOAD ./mbedtls/library/pkcs5.o
LOAD ./mbedtls/library/pkparse.o
LOAD ./mbedtls/library/pkwrite.o
LOAD ./mbedtls/library/platform.o
LOAD ./mbedtls/library/platform_util.o
LOAD ./mbedtls/library/poly1305.o
LOAD ./mbedtls/library/psa_crypto.o
LOAD ./mbedtls/library/psa_crypto_se.o
LOAD ./mbedtls/library/psa_crypto_slot_management.o
LOAD ./mbedtls/library/psa_crypto_storage.o
LOAD ./mbedtls/library/psa_its_file.o
LOAD ./mbedtls/library/ripemd160.o
LOAD ./mbedtls/library/rsa.o
LOAD ./mbedtls/library/rsa_internal.o
LOAD ./mbedtls/library/sha1.o
LOAD ./mbedtls/library/sha256.o
LOAD ./mbedtls/library/sha512.o
LOAD ./mbedtls/library/ssl_cache.o
LOAD ./mbedtls/library/ssl_ciphersuites.o
LOAD ./mbedtls/library/ssl_cli.o
LOAD ./mbedtls/library/ssl_cookie.o
LOAD ./mbedtls/library/ssl_msg.o
LOAD ./mbedtls/library/ssl_srv.o
LOAD ./mbedtls/library/ssl_ticket.o
LOAD ./mbedtls/library/ssl_tls.o
LOAD ./mbedtls/library/threading.o
LOAD ./mbedtls/library/timing.o
LOAD ./mbedtls/library/version.o
LOAD ./mbedtls/library/version_features.o
LOAD ./mbedtls/library/x509.o
LOAD ./mbedtls/library/x509_create.o
LOAD ./mbedtls/library/x509_crl.o
LOAD ./mbedtls/library/x509_crt.o
LOAD ./mbedtls/library/x509_csr.o
LOAD ./mbedtls/library/x509write_crt.o
LOAD ./mbedtls/library/x509write_csr.o
LOAD ./mbedtls/library/xtea.o
LOAD ./User/cJSON.o
LOAD ./User/ch32v30x_it.o
LOAD ./User/main.o
LOAD ./User/system_ch32v30x.o
LOAD ./Startup/startup_ch32v30x_D8C.o
LOAD ./Peripheral/src/ch32v30x_adc.o
LOAD ./Peripheral/src/ch32v30x_bkp.o
LOAD ./Peripheral/src/ch32v30x_can.o
LOAD ./Peripheral/src/ch32v30x_crc.o
LOAD ./Peripheral/src/ch32v30x_dac.o
LOAD ./Peripheral/src/ch32v30x_dbgmcu.o
LOAD ./Peripheral/src/ch32v30x_dma.o
LOAD ./Peripheral/src/ch32v30x_dvp.o
LOAD ./Peripheral/src/ch32v30x_eth.o
LOAD ./Peripheral/src/ch32v30x_exti.o
LOAD ./Peripheral/src/ch32v30x_flash.o
LOAD ./Peripheral/src/ch32v30x_fsmc.o
LOAD ./Peripheral/src/ch32v30x_gpio.o
LOAD ./Peripheral/src/ch32v30x_i2c.o
LOAD ./Peripheral/src/ch32v30x_iwdg.o
LOAD ./Peripheral/src/ch32v30x_misc.o
LOAD ./Peripheral/src/ch32v30x_opa.o
LOAD ./Peripheral/src/ch32v30x_pwr.o
LOAD ./Peripheral/src/ch32v30x_rcc.o
LOAD ./Peripheral/src/ch32v30x_rng.o
LOAD ./Peripheral/src/ch32v30x_rtc.o
LOAD ./Peripheral/src/ch32v30x_sdio.o
LOAD ./Peripheral/src/ch32v30x_spi.o
LOAD ./Peripheral/src/ch32v30x_tim.o
LOAD ./Peripheral/src/ch32v30x_usart.o
LOAD ./Peripheral/src/ch32v30x_wwdg.o
LOAD ./NetLib/eth_driver_10M.o
LOAD ./Debug/debug.o
LOAD ./Core/core_riscv.o
LOAD d:/mrs2/mounriver_studio2/resources/app/resources/win32/components/wch/toolchain/risc-v embedded gcc/bin/../lib/gcc/riscv-none-embed/8.2.0/../../../../riscv-none-embed/lib/rv32imacxw/ilp32\libm.a
LOAD c:/Users/OWNER/Downloads/CH32V307EVT/EVT/EXAM/ETH/NetLib\libwchnet.a
LOAD d:/mrs2/mounriver_studio2/resources/app/resources/win32/components/wch/toolchain/risc-v embedded gcc/bin/../lib/gcc/riscv-none-embed/8.2.0/../../../../riscv-none-embed/lib/rv32imacxw/ilp32\libprintf.a
LOAD d:/mrs2/mounriver_studio2/resources/app/resources/win32/components/wch/toolchain/risc-v embedded gcc/bin/../lib/gcc/riscv-none-embed/8.2.0/rv32imacxw/ilp32\libgcc.a
LOAD d:/mrs2/mounriver_studio2/resources/app/resources/win32/components/wch/toolchain/risc-v embedded gcc/bin/../lib/gcc/riscv-none-embed/8.2.0/../../../../riscv-none-embed/lib/rv32imacxw/ilp32\libg_nano.a
LOAD d:/mrs2/mounriver_studio2/resources/app/resources/win32/components/wch/toolchain/risc-v embedded gcc/bin/../lib/gcc/riscv-none-embed/8.2.0/../../../../riscv-none-embed/lib/rv32imacxw/ilp32\libc_nano.a
LOAD d:/mrs2/mounriver_studio2/resources/app/resources/win32/components/wch/toolchain/risc-v embedded gcc/bin/../lib/gcc/riscv-none-embed/8.2.0/rv32imacxw/ilp32\libgcc.a
START GROUP
LOAD d:/mrs2/mounriver_studio2/resources/app/resources/win32/components/wch/toolchain/risc-v embedded gcc/bin/../lib/gcc/riscv-none-embed/8.2.0/rv32imacxw/ilp32\libgcc.a
LOAD d:/mrs2/mounriver_studio2/resources/app/resources/win32/components/wch/toolchain/risc-v embedded gcc/bin/../lib/gcc/riscv-none-embed/8.2.0/../../../../riscv-none-embed/lib/rv32imacxw/ilp32\libc_nano.a
LOAD d:/mrs2/mounriver_studio2/resources/app/resources/win32/components/wch/toolchain/risc-v embedded gcc/bin/../lib/gcc/riscv-none-embed/8.2.0/../../../../riscv-none-embed/lib/rv32imacxw/ilp32\libnosys.a
END GROUP
START GROUP
LOAD d:/mrs2/mounriver_studio2/resources/app/resources/win32/components/wch/toolchain/risc-v embedded gcc/bin/../lib/gcc/riscv-none-embed/8.2.0/rv32imacxw/ilp32\libgcc.a
LOAD d:/mrs2/mounriver_studio2/resources/app/resources/win32/components/wch/toolchain/risc-v embedded gcc/bin/../lib/gcc/riscv-none-embed/8.2.0/../../../../riscv-none-embed/lib/rv32imacxw/ilp32\libc_nano.a
LOAD d:/mrs2/mounriver_studio2/resources/app/resources/win32/components/wch/toolchain/risc-v embedded gcc/bin/../lib/gcc/riscv-none-embed/8.2.0/../../../../riscv-none-embed/lib/rv32imacxw/ilp32\libnosys.a
END GROUP
                0x0000000000000800                __stack_size = 0x800
                [!provide]                        PROVIDE (_stack_size = __stack_size)

.init           0x0000000000000000        0x4
                0x0000000000000000                _sinit = .
                0x0000000000000000                . = ALIGN (0x4)
 *(SORT_NONE(.init))
 .init          0x0000000000000000        0x4 ./Startup/startup_ch32v30x_D8C.o
                0x0000000000000000                _start
                0x0000000000000004                . = ALIGN (0x4)
                0x0000000000000004                _einit = .

.vector         0x0000000000000004      0x1bc
 *(.vector)
 .vector        0x0000000000000004      0x1a0 ./Startup/startup_ch32v30x_D8C.o
                0x00000000000001c0                . = ALIGN (0x40)
 *fill*         0x00000000000001a4       0x1c 

.text           0x00000000000001c0    0x29df8
                0x00000000000001c0                . = ALIGN (0x4)
 *(.text)
 .text          0x00000000000001c0       0x60 d:/mrs2/mounriver_studio2/resources/app/resources/win32/components/wch/toolchain/risc-v embedded gcc/bin/../lib/gcc/riscv-none-embed/8.2.0/rv32imacxw/ilp32\libgcc.a(save-restore.o)
                0x00000000000001c0                __riscv_save_12
                0x00000000000001c8                __riscv_save_9
                0x00000000000001c8                __riscv_save_11
                0x00000000000001c8                __riscv_save_10
                0x00000000000001c8                __riscv_save_8
                0x00000000000001d6                __riscv_save_4
                0x00000000000001d6                __riscv_save_6
                0x00000000000001d6                __riscv_save_5
                0x00000000000001d6                __riscv_save_7
                0x00000000000001f0                __riscv_save_3
                0x00000000000001f0                __riscv_save_2
                0x00000000000001f0                __riscv_save_1
                0x00000000000001f0                __riscv_save_0
                0x00000000000001fc                __riscv_restore_12
                0x0000000000000200                __riscv_restore_11
                0x0000000000000200                __riscv_restore_9
                0x0000000000000200                __riscv_restore_10
                0x0000000000000200                __riscv_restore_8
                0x000000000000020a                __riscv_restore_5
                0x000000000000020a                __riscv_restore_7
                0x000000000000020a                __riscv_restore_6
                0x000000000000020a                __riscv_restore_4
                0x0000000000000214                __riscv_restore_3
                0x0000000000000214                __riscv_restore_0
                0x0000000000000214                __riscv_restore_2
                0x0000000000000214                __riscv_restore_1
 .text          0x0000000000000220       0xa8 d:/mrs2/mounriver_studio2/resources/app/resources/win32/components/wch/toolchain/risc-v embedded gcc/bin/../lib/gcc/riscv-none-embed/8.2.0/../../../../riscv-none-embed/lib/rv32imacxw/ilp32\libg_nano.a(lib_a-memset.o)
                0x0000000000000220                memset
 .text          0x00000000000002c8      0x11a d:/mrs2/mounriver_studio2/resources/app/resources/win32/components/wch/toolchain/risc-v embedded gcc/bin/../lib/gcc/riscv-none-embed/8.2.0/../../../../riscv-none-embed/lib/rv32imacxw/ilp32\libg_nano.a(lib_a-strcmp.o)
                0x00000000000002c8                strcmp
 *(.text.*)
 .text.mbedtls_aes_init
                0x00000000000003e2        0xe ./mbedtls/library/aes.o
                0x00000000000003e2                mbedtls_aes_init
 .text.mbedtls_aes_free
                0x00000000000003f0       0x12 ./mbedtls/library/aes.o
                0x00000000000003f0                mbedtls_aes_free
 .text.mbedtls_aes_setkey_enc
                0x0000000000000402      0x27a ./mbedtls/library/aes.o
                0x0000000000000402                mbedtls_aes_setkey_enc
 .text.mbedtls_aes_setkey_dec
                0x000000000000067c       0xfc ./mbedtls/library/aes.o
                0x000000000000067c                mbedtls_aes_setkey_dec
 .text.mbedtls_internal_aes_encrypt
                0x0000000000000778      0x4d2 ./mbedtls/library/aes.o
                0x0000000000000778                mbedtls_internal_aes_encrypt
 .text.mbedtls_internal_aes_decrypt
                0x0000000000000c4a      0x4b6 ./mbedtls/library/aes.o
                0x0000000000000c4a                mbedtls_internal_aes_decrypt
 .text.mbedtls_aes_crypt_ecb
                0x0000000000001100       0x1e ./mbedtls/library/aes.o
                0x0000000000001100                mbedtls_aes_crypt_ecb
 .text.mbedtls_aes_crypt_cbc
                0x000000000000111e       0xb0 ./mbedtls/library/aes.o
                0x000000000000111e                mbedtls_aes_crypt_cbc
 .text.asn1_get_sequence_of_cb
                0x00000000000011ce       0x3e ./mbedtls/library/asn1parse.o
 .text.mbedtls_asn1_get_len
                0x000000000000120c       0xc2 ./mbedtls/library/asn1parse.o
                0x000000000000120c                mbedtls_asn1_get_len
 .text.mbedtls_asn1_get_tag
                0x00000000000012ce       0x2c ./mbedtls/library/asn1parse.o
                0x00000000000012ce                mbedtls_asn1_get_tag
 .text.asn1_get_tagged_int
                0x00000000000012fa       0x70 ./mbedtls/library/asn1parse.o
 .text.mbedtls_asn1_get_bool
                0x000000000000136a       0x34 ./mbedtls/library/asn1parse.o
                0x000000000000136a                mbedtls_asn1_get_bool
 .text.mbedtls_asn1_get_int
                0x000000000000139e        0xe ./mbedtls/library/asn1parse.o
                0x000000000000139e                mbedtls_asn1_get_int
 .text.mbedtls_asn1_get_mpi
                0x00000000000013ac       0x2a ./mbedtls/library/asn1parse.o
                0x00000000000013ac                mbedtls_asn1_get_mpi
 .text.mbedtls_asn1_get_bitstring
                0x00000000000013d6       0x4a ./mbedtls/library/asn1parse.o
                0x00000000000013d6                mbedtls_asn1_get_bitstring
 .text.mbedtls_asn1_traverse_sequence_of
                0x0000000000001420       0x86 ./mbedtls/library/asn1parse.o
                0x0000000000001420                mbedtls_asn1_traverse_sequence_of
 .text.mbedtls_asn1_get_bitstring_null
                0x00000000000014a6       0x2a ./mbedtls/library/asn1parse.o
                0x00000000000014a6                mbedtls_asn1_get_bitstring_null
 .text.mbedtls_asn1_get_sequence_of
                0x00000000000014d0       0x40 ./mbedtls/library/asn1parse.o
                0x00000000000014d0                mbedtls_asn1_get_sequence_of
 .text.mbedtls_asn1_get_alg
                0x0000000000001510       0xa0 ./mbedtls/library/asn1parse.o
                0x0000000000001510                mbedtls_asn1_get_alg
 .text.mbedtls_asn1_write_len
                0x00000000000015b0      0x136 ./mbedtls/library/asn1write.o
                0x00000000000015b0                mbedtls_asn1_write_len
 .text.mbedtls_asn1_write_tag
                0x00000000000016e6       0x1e ./mbedtls/library/asn1write.o
                0x00000000000016e6                mbedtls_asn1_write_tag
 .text.mbedtls_asn1_write_mpi
                0x0000000000001704       0x8e ./mbedtls/library/asn1write.o
                0x0000000000001704                mbedtls_asn1_write_mpi
 .text.mpi_sub_hlp
                0x0000000000001792       0x36 ./mbedtls/library/bignum.o
 .text.mpi_mul_hlp
                0x00000000000017c8      0x8c4 ./mbedtls/library/bignum.o
 .text.mpi_montmul.isra.1
                0x000000000000208c       0xf0 ./mbedtls/library/bignum.o
 .text.mpi_bigendian_to_host.part.2
                0x000000000000217c       0x32 ./mbedtls/library/bignum.o
 .text.mbedtls_mpi_init
                0x00000000000021ae        0xe ./mbedtls/library/bignum.o
                0x00000000000021ae                mbedtls_mpi_init
 .text.mbedtls_mpi_free
                0x00000000000021bc       0x2c ./mbedtls/library/bignum.o
                0x00000000000021bc                mbedtls_mpi_free
 .text.mbedtls_mpi_grow
                0x00000000000021e8       0x56 ./mbedtls/library/bignum.o
                0x00000000000021e8                mbedtls_mpi_grow
 .text.mbedtls_mpi_shrink
                0x000000000000223e       0x74 ./mbedtls/library/bignum.o
                0x000000000000223e                mbedtls_mpi_shrink
 .text.mbedtls_mpi_copy
                0x00000000000022b2       0x6c ./mbedtls/library/bignum.o
                0x00000000000022b2                mbedtls_mpi_copy
 .text.mbedtls_mpi_safe_cond_assign
                0x000000000000231e       0x84 ./mbedtls/library/bignum.o
                0x000000000000231e                mbedtls_mpi_safe_cond_assign
 .text.mbedtls_mpi_lset
                0x00000000000023a2       0x3a ./mbedtls/library/bignum.o
                0x00000000000023a2                mbedtls_mpi_lset
 .text.mbedtls_mpi_get_bit
                0x00000000000023dc       0x20 ./mbedtls/library/bignum.o
                0x00000000000023dc                mbedtls_mpi_get_bit
 .text.mbedtls_mpi_lsb
                0x00000000000023fc       0x40 ./mbedtls/library/bignum.o
                0x00000000000023fc                mbedtls_mpi_lsb
 .text.mbedtls_mpi_bitlen
                0x000000000000243c       0x44 ./mbedtls/library/bignum.o
                0x000000000000243c                mbedtls_mpi_bitlen
 .text.mbedtls_mpi_size
                0x0000000000002480        0xe ./mbedtls/library/bignum.o
                0x0000000000002480                mbedtls_mpi_size
 .text.mbedtls_mpi_read_binary
                0x000000000000248e       0x70 ./mbedtls/library/bignum.o
                0x000000000000248e                mbedtls_mpi_read_binary
 .text.mbedtls_mpi_write_binary
                0x00000000000024fe       0x76 ./mbedtls/library/bignum.o
                0x00000000000024fe                mbedtls_mpi_write_binary
 .text.mbedtls_mpi_shift_l
                0x0000000000002574       0xa0 ./mbedtls/library/bignum.o
                0x0000000000002574                mbedtls_mpi_shift_l
 .text.mbedtls_mpi_shift_r
                0x0000000000002614       0x9e ./mbedtls/library/bignum.o
                0x0000000000002614                mbedtls_mpi_shift_r
 .text.mbedtls_mpi_cmp_abs
                0x00000000000026b2       0x6c ./mbedtls/library/bignum.o
                0x00000000000026b2                mbedtls_mpi_cmp_abs
 .text.mbedtls_mpi_cmp_mpi
                0x000000000000271e       0x8c ./mbedtls/library/bignum.o
                0x000000000000271e                mbedtls_mpi_cmp_mpi
 .text.mbedtls_mpi_lt_mpi_ct
                0x00000000000027aa       0xa8 ./mbedtls/library/bignum.o
                0x00000000000027aa                mbedtls_mpi_lt_mpi_ct
 .text.mbedtls_mpi_cmp_int
                0x0000000000002852       0x2c ./mbedtls/library/bignum.o
                0x0000000000002852                mbedtls_mpi_cmp_int
 .text.mbedtls_mpi_add_abs
                0x000000000000287e       0xbe ./mbedtls/library/bignum.o
                0x000000000000287e                mbedtls_mpi_add_abs
 .text.mbedtls_mpi_sub_abs
                0x000000000000293c       0x9c ./mbedtls/library/bignum.o
                0x000000000000293c                mbedtls_mpi_sub_abs
 .text.mbedtls_mpi_add_mpi
                0x00000000000029d8       0x44 ./mbedtls/library/bignum.o
                0x00000000000029d8                mbedtls_mpi_add_mpi
 .text.mbedtls_mpi_sub_mpi
                0x0000000000002a1c       0x44 ./mbedtls/library/bignum.o
                0x0000000000002a1c                mbedtls_mpi_sub_mpi
 .text.mbedtls_mpi_add_int
                0x0000000000002a60       0x2c ./mbedtls/library/bignum.o
                0x0000000000002a60                mbedtls_mpi_add_int
 .text.mbedtls_mpi_sub_int
                0x0000000000002a8c       0x2c ./mbedtls/library/bignum.o
                0x0000000000002a8c                mbedtls_mpi_sub_int
 .text.mbedtls_mpi_mul_mpi
                0x0000000000002ab8       0xce ./mbedtls/library/bignum.o
                0x0000000000002ab8                mbedtls_mpi_mul_mpi
 .text.mbedtls_mpi_mul_int
                0x0000000000002b86       0x1a ./mbedtls/library/bignum.o
                0x0000000000002b86                mbedtls_mpi_mul_int
 .text.mbedtls_mpi_div_mpi
                0x0000000000002ba0      0x396 ./mbedtls/library/bignum.o
                0x0000000000002ba0                mbedtls_mpi_div_mpi
 .text.mbedtls_mpi_mod_mpi
                0x0000000000002f36       0x62 ./mbedtls/library/bignum.o
                0x0000000000002f36                mbedtls_mpi_mod_mpi
 .text.mbedtls_mpi_exp_mod
                0x0000000000002f98      0x39c ./mbedtls/library/bignum.o
                0x0000000000002f98                mbedtls_mpi_exp_mod
 .text.mbedtls_mpi_gcd
                0x0000000000003334       0xf6 ./mbedtls/library/bignum.o
                0x0000000000003334                mbedtls_mpi_gcd
 .text.mbedtls_mpi_fill_random
                0x000000000000342a       0x6e ./mbedtls/library/bignum.o
                0x000000000000342a                mbedtls_mpi_fill_random
 .text.mbedtls_mpi_inv_mod
                0x0000000000003498      0x27c ./mbedtls/library/bignum.o
                0x0000000000003498                mbedtls_mpi_inv_mod
 .text.get_no_padding
                0x0000000000003714       0x12 ./mbedtls/library/cipher.o
 .text.mbedtls_cipher_info_from_type
                0x0000000000003726       0x1a ./mbedtls/library/cipher.o
                0x0000000000003726                mbedtls_cipher_info_from_type
 .text.mbedtls_cipher_info_from_values
                0x0000000000003740       0x28 ./mbedtls/library/cipher.o
                0x0000000000003740                mbedtls_cipher_info_from_values
 .text.mbedtls_cipher_init
                0x0000000000003768       0x12 ./mbedtls/library/cipher.o
                0x0000000000003768                mbedtls_cipher_init
 .text.mbedtls_cipher_free
                0x000000000000377a       0x24 ./mbedtls/library/cipher.o
                0x000000000000377a                mbedtls_cipher_free
 .text.mbedtls_cipher_setkey
                0x000000000000379e       0x4c ./mbedtls/library/cipher.o
                0x000000000000379e                mbedtls_cipher_setkey
 .text.mbedtls_cipher_set_iv
                0x00000000000037ea       0x48 ./mbedtls/library/cipher.o
                0x00000000000037ea                mbedtls_cipher_set_iv
 .text.mbedtls_cipher_update
                0x0000000000003832      0x16c ./mbedtls/library/cipher.o
                0x0000000000003832                mbedtls_cipher_update
 .text.mbedtls_cipher_finish
                0x000000000000399e       0xc6 ./mbedtls/library/cipher.o
                0x000000000000399e                mbedtls_cipher_finish
 .text.mbedtls_cipher_set_padding_mode
                0x0000000000003a64       0x34 ./mbedtls/library/cipher.o
                0x0000000000003a64                mbedtls_cipher_set_padding_mode
 .text.mbedtls_cipher_setup
                0x0000000000003a98       0x3c ./mbedtls/library/cipher.o
                0x0000000000003a98                mbedtls_cipher_setup
 .text.mbedtls_cipher_crypt
                0x0000000000003ad4       0x50 ./mbedtls/library/cipher.o
                0x0000000000003ad4                mbedtls_cipher_crypt
 .text.mbedtls_cipher_auth_encrypt
                0x0000000000003b24       0x4a ./mbedtls/library/cipher.o
                0x0000000000003b24                mbedtls_cipher_auth_encrypt
 .text.mbedtls_cipher_auth_decrypt
                0x0000000000003b6e       0x50 ./mbedtls/library/cipher.o
                0x0000000000003b6e                mbedtls_cipher_auth_decrypt
 .text.gcm_ctx_free
                0x0000000000003bbe       0x14 ./mbedtls/library/cipher_wrap.o
 .text.gcm_ctx_alloc
                0x0000000000003bd2       0x1c ./mbedtls/library/cipher_wrap.o
 .text.gcm_aes_setkey_wrap
                0x0000000000003bee       0x12 ./mbedtls/library/cipher_wrap.o
 .text.aes_ctx_free
                0x0000000000003c00       0x14 ./mbedtls/library/cipher_wrap.o
 .text.aes_ctx_alloc
                0x0000000000003c14       0x1c ./mbedtls/library/cipher_wrap.o
 .text.aes_setkey_dec_wrap
                0x0000000000003c30        0xc ./mbedtls/library/cipher_wrap.o
 .text.aes_setkey_enc_wrap
                0x0000000000003c3c        0xc ./mbedtls/library/cipher_wrap.o
 .text.aes_crypt_cbc_wrap
                0x0000000000003c48        0xc ./mbedtls/library/cipher_wrap.o
 .text.aes_crypt_ecb_wrap
                0x0000000000003c54        0xc ./mbedtls/library/cipher_wrap.o
 .text.block_cipher_df
                0x0000000000003c60      0x16c ./mbedtls/library/ctr_drbg.o
 .text.ctr_drbg_update_internal
                0x0000000000003dcc       0xa0 ./mbedtls/library/ctr_drbg.o
 .text.mbedtls_ctr_drbg_reseed_internal
                0x0000000000003e6c       0xb4 ./mbedtls/library/ctr_drbg.o
 .text.mbedtls_ctr_drbg_init
                0x0000000000003f20       0x16 ./mbedtls/library/ctr_drbg.o
                0x0000000000003f20                mbedtls_ctr_drbg_init
 .text.mbedtls_ctr_drbg_free
                0x0000000000003f36       0x20 ./mbedtls/library/ctr_drbg.o
                0x0000000000003f36                mbedtls_ctr_drbg_free
 .text.mbedtls_ctr_drbg_reseed
                0x0000000000003f56        0xe ./mbedtls/library/ctr_drbg.o
                0x0000000000003f56                mbedtls_ctr_drbg_reseed
 .text.mbedtls_ctr_drbg_seed
                0x0000000000003f64       0x7a ./mbedtls/library/ctr_drbg.o
                0x0000000000003f64                mbedtls_ctr_drbg_seed
 .text.mbedtls_ctr_drbg_random_with_add
                0x0000000000003fde       0xee ./mbedtls/library/ctr_drbg.o
                0x0000000000003fde                mbedtls_ctr_drbg_random_with_add
 .text.mbedtls_ctr_drbg_random
                0x00000000000040cc       0x10 ./mbedtls/library/ctr_drbg.o
                0x00000000000040cc                mbedtls_ctr_drbg_random
 .text.debug_send_line.isra.0
                0x00000000000040dc        0xe ./mbedtls/library/debug.o
 .text.mbedtls_debug_print_mpi.part.1
                0x00000000000040ea      0x14e ./mbedtls/library/debug.o
 .text.mbedtls_debug_print_msg
                0x0000000000004238       0x90 ./mbedtls/library/debug.o
                0x0000000000004238                mbedtls_debug_print_msg
 .text.mbedtls_debug_print_ret
                0x00000000000042c8       0x62 ./mbedtls/library/debug.o
                0x00000000000042c8                mbedtls_debug_print_ret
 .text.mbedtls_debug_print_buf
                0x000000000000432a      0x166 ./mbedtls/library/debug.o
                0x000000000000432a                mbedtls_debug_print_buf
 .text.mbedtls_debug_print_mpi
                0x0000000000004490       0x2e ./mbedtls/library/debug.o
                0x0000000000004490                mbedtls_debug_print_mpi
 .text.mbedtls_debug_print_ecp.part.2
                0x00000000000044be       0x64 ./mbedtls/library/debug.o
 .text.mbedtls_debug_print_ecp
                0x0000000000004522       0x2c ./mbedtls/library/debug.o
                0x0000000000004522                mbedtls_debug_print_ecp
 .text.mbedtls_debug_print_crt
                0x000000000000454e      0x1a2 ./mbedtls/library/debug.o
                0x000000000000454e                mbedtls_debug_print_crt
 .text.mbedtls_ecdh_init
                0x00000000000046f0       0x12 ./mbedtls/library/ecdh.o
                0x00000000000046f0                mbedtls_ecdh_init
 .text.mbedtls_ecdh_free
                0x0000000000004702       0x48 ./mbedtls/library/ecdh.o
                0x0000000000004702                mbedtls_ecdh_free
 .text.derive_mpi
                0x000000000000474a       0x5a ./mbedtls/library/ecdsa.o
 .text.ecdsa_sign_restartable.isra.0
                0x00000000000047a4      0x17a ./mbedtls/library/ecdsa.o
 .text.ecdsa_verify_restartable.isra.1
                0x000000000000491e      0x130 ./mbedtls/library/ecdsa.o
 .text.mbedtls_ecdsa_write_signature_restartable
                0x0000000000004a4e       0xb6 ./mbedtls/library/ecdsa.o
                0x0000000000004a4e                mbedtls_ecdsa_write_signature_restartable
 .text.mbedtls_ecdsa_write_signature
                0x0000000000004b04       0x12 ./mbedtls/library/ecdsa.o
                0x0000000000004b04                mbedtls_ecdsa_write_signature
 .text.mbedtls_ecdsa_read_signature_restartable
                0x0000000000004b16       0x96 ./mbedtls/library/ecdsa.o
                0x0000000000004b16                mbedtls_ecdsa_read_signature_restartable
 .text.mbedtls_ecdsa_read_signature
                0x0000000000004bac        0xe ./mbedtls/library/ecdsa.o
                0x0000000000004bac                mbedtls_ecdsa_read_signature
 .text.mbedtls_ecdsa_init
                0x0000000000004bba        0xc ./mbedtls/library/ecdsa.o
                0x0000000000004bba                mbedtls_ecdsa_init
 .text.mbedtls_ecdsa_free
                0x0000000000004bc6       0x10 ./mbedtls/library/ecdsa.o
                0x0000000000004bc6                mbedtls_ecdsa_free
 .text.mbedtls_ecdsa_from_keypair
                0x0000000000004bd6       0x3c ./mbedtls/library/ecdsa.o
                0x0000000000004bd6                mbedtls_ecdsa_from_keypair
 .text.ecp_drbg_random
                0x0000000000004c12        0xc ./mbedtls/library/ecp.o
 .text.ecp_ctr_drbg_null_entropy
                0x0000000000004c1e       0x12 ./mbedtls/library/ecp.o
 .text.ecp_safe_invert_jac
                0x0000000000004c30       0x4a ./mbedtls/library/ecp.o
 .text.mbedtls_mpi_add_mod.part.1
                0x0000000000004c7a       0x2a ./mbedtls/library/ecp.o
 .text.mbedtls_mpi_add_mod
                0x0000000000004ca4       0x20 ./mbedtls/library/ecp.o
 .text.mbedtls_mpi_sub_mod
                0x0000000000004cc4       0x3e ./mbedtls/library/ecp.o
 .text.mbedtls_mpi_mul_mod
                0x0000000000004d02       0xa0 ./mbedtls/library/ecp.o
 .text.ecp_normalize_jac
                0x0000000000004da2       0x96 ./mbedtls/library/ecp.o
 .text.ecp_normalize_jac_many
                0x0000000000004e38      0x198 ./mbedtls/library/ecp.o
 .text.ecp_randomize_jac
                0x0000000000004fd0       0xd0 ./mbedtls/library/ecp.o
 .text.ecp_select_comb
                0x00000000000050a0       0x60 ./mbedtls/library/ecp.o
 .text.mbedtls_ecp_point_free.part.6
                0x0000000000005100       0x1e ./mbedtls/library/ecp.o
 .text.mbedtls_mpi_shift_l_mod.constprop.16
                0x000000000000511e       0x1e ./mbedtls/library/ecp.o
 .text.ecp_double_jac
                0x000000000000513c      0x25e ./mbedtls/library/ecp.o
 .text.mbedtls_ecp_grp_id_list
                0x000000000000539a       0x42 ./mbedtls/library/ecp.o
                0x000000000000539a                mbedtls_ecp_grp_id_list
 .text.mbedtls_ecp_curve_info_from_grp_id
                0x00000000000053dc       0x1a ./mbedtls/library/ecp.o
                0x00000000000053dc                mbedtls_ecp_curve_info_from_grp_id
 .text.mbedtls_ecp_get_type
                0x00000000000053f6       0x12 ./mbedtls/library/ecp.o
                0x00000000000053f6                mbedtls_ecp_get_type
 .text.mbedtls_ecp_point_init
                0x0000000000005408       0x1e ./mbedtls/library/ecp.o
                0x0000000000005408                mbedtls_ecp_point_init
 .text.mbedtls_ecp_group_init
                0x0000000000005426       0x58 ./mbedtls/library/ecp.o
                0x0000000000005426                mbedtls_ecp_group_init
 .text.mbedtls_ecp_keypair_init
                0x000000000000547e       0x1e ./mbedtls/library/ecp.o
                0x000000000000547e                mbedtls_ecp_keypair_init
 .text.mbedtls_ecp_point_free
                0x000000000000549c       0x10 ./mbedtls/library/ecp.o
                0x000000000000549c                mbedtls_ecp_point_free
 .text.mbedtls_ecp_group_free
                0x00000000000054ac       0x6a ./mbedtls/library/ecp.o
                0x00000000000054ac                mbedtls_ecp_group_free
 .text.mbedtls_ecp_keypair_free
                0x0000000000005516       0x22 ./mbedtls/library/ecp.o
                0x0000000000005516                mbedtls_ecp_keypair_free
 .text.mbedtls_ecp_copy
                0x0000000000005538       0x2c ./mbedtls/library/ecp.o
                0x0000000000005538                mbedtls_ecp_copy
 .text.mbedtls_ecp_group_copy
                0x0000000000005564        0xe ./mbedtls/library/ecp.o
                0x0000000000005564                mbedtls_ecp_group_copy
 .text.mbedtls_ecp_set_zero
                0x0000000000005572       0x28 ./mbedtls/library/ecp.o
                0x0000000000005572                mbedtls_ecp_set_zero
 .text.ecp_add_mixed
                0x000000000000559a      0x24a ./mbedtls/library/ecp.o
 .text.ecp_mul_comb.isra.12
                0x00000000000057e4      0x414 ./mbedtls/library/ecp.o
 .text.mbedtls_ecp_is_zero
                0x0000000000005bf8       0x14 ./mbedtls/library/ecp.o
                0x0000000000005bf8                mbedtls_ecp_is_zero
 .text.mbedtls_ecp_point_read_binary
                0x0000000000005c0c       0x88 ./mbedtls/library/ecp.o
                0x0000000000005c0c                mbedtls_ecp_point_read_binary
 .text.mbedtls_ecp_check_pubkey
                0x0000000000005c94      0x120 ./mbedtls/library/ecp.o
                0x0000000000005c94                mbedtls_ecp_check_pubkey
 .text.mbedtls_ecp_check_privkey
                0x0000000000005db4       0x42 ./mbedtls/library/ecp.o
                0x0000000000005db4                mbedtls_ecp_check_privkey
 .text.mbedtls_ecp_mul_restartable
                0x0000000000005df6       0x4a ./mbedtls/library/ecp.o
                0x0000000000005df6                mbedtls_ecp_mul_restartable
 .text.mbedtls_ecp_mul
                0x0000000000005e40        0xe ./mbedtls/library/ecp.o
                0x0000000000005e40                mbedtls_ecp_mul
 .text.mbedtls_ecp_mul_shortcuts
                0x0000000000005e4e       0x72 ./mbedtls/library/ecp.o
 .text.mbedtls_ecp_muladd_restartable
                0x0000000000005ec0       0x78 ./mbedtls/library/ecp.o
                0x0000000000005ec0                mbedtls_ecp_muladd_restartable
 .text.mbedtls_ecp_gen_privkey
                0x0000000000005f38       0x8e ./mbedtls/library/ecp.o
                0x0000000000005f38                mbedtls_ecp_gen_privkey
 .text.mbedtls_ecp_check_pub_priv
                0x0000000000005fc6       0xb2 ./mbedtls/library/ecp.o
                0x0000000000005fc6                mbedtls_ecp_check_pub_priv
 .text.mbedtls_ecp_group_load
                0x0000000000006078       0x96 ./mbedtls/library/ecp_curves.o
                0x0000000000006078                mbedtls_ecp_group_load
 .text.mbedtls_hardware_poll
                0x000000000000610e       0x3e ./mbedtls/library/entropy.o
                0x000000000000610e                mbedtls_hardware_poll
 .text.entropy_update
                0x000000000000614c       0x7e ./mbedtls/library/entropy.o
 .text.entropy_gather_internal.part.0
                0x00000000000061ca       0x74 ./mbedtls/library/entropy.o
 .text.mbedtls_entropy_init
                0x000000000000623e       0x58 ./mbedtls/library/entropy.o
                0x000000000000623e                mbedtls_entropy_init
 .text.mbedtls_entropy_free
                0x0000000000006296       0x2a ./mbedtls/library/entropy.o
                0x0000000000006296                mbedtls_entropy_free
 .text.mbedtls_entropy_func
                0x00000000000062c0       0xf8 ./mbedtls/library/entropy.o
                0x00000000000062c0                mbedtls_entropy_func
 .text.gcm_mult
                0x00000000000063b8      0x142 ./mbedtls/library/gcm.o
 .text.mbedtls_gcm_init
                0x00000000000064fa       0x12 ./mbedtls/library/gcm.o
                0x00000000000064fa                mbedtls_gcm_init
 .text.mbedtls_gcm_setkey
                0x000000000000650c      0x1ca ./mbedtls/library/gcm.o
                0x000000000000650c                mbedtls_gcm_setkey
 .text.mbedtls_gcm_starts
                0x00000000000066d6      0x142 ./mbedtls/library/gcm.o
                0x00000000000066d6                mbedtls_gcm_starts
 .text.mbedtls_gcm_update
                0x0000000000006818       0xee ./mbedtls/library/gcm.o
                0x0000000000006818                mbedtls_gcm_update
 .text.mbedtls_gcm_finish
                0x0000000000006906      0x10c ./mbedtls/library/gcm.o
                0x0000000000006906                mbedtls_gcm_finish
 .text.mbedtls_gcm_crypt_and_tag
                0x0000000000006a12       0x3a ./mbedtls/library/gcm.o
                0x0000000000006a12                mbedtls_gcm_crypt_and_tag
 .text.mbedtls_gcm_auth_decrypt
                0x0000000000006a4c       0x58 ./mbedtls/library/gcm.o
                0x0000000000006a4c                mbedtls_gcm_auth_decrypt
 .text.mbedtls_gcm_free
                0x0000000000006aa4       0x1c ./mbedtls/library/gcm.o
                0x0000000000006aa4                mbedtls_gcm_free
 .text.mbedtls_md_info_from_type
                0x0000000000006ac0       0x1e ./mbedtls/library/md.o
                0x0000000000006ac0                mbedtls_md_info_from_type
 .text.mbedtls_md_init
                0x0000000000006ade       0x10 ./mbedtls/library/md.o
                0x0000000000006ade                mbedtls_md_init
 .text.mbedtls_md_free
                0x0000000000006aee       0x60 ./mbedtls/library/md.o
                0x0000000000006aee                mbedtls_md_free
 .text.mbedtls_md_setup
                0x0000000000006b4e       0x96 ./mbedtls/library/md.o
                0x0000000000006b4e                mbedtls_md_setup
 .text.mbedtls_md_starts
                0x0000000000006be4       0x56 ./mbedtls/library/md.o
                0x0000000000006be4                mbedtls_md_starts
 .text.mbedtls_md_update
                0x0000000000006c3a       0x4c ./mbedtls/library/md.o
                0x0000000000006c3a                mbedtls_md_update
 .text.mbedtls_md_finish
                0x0000000000006c86       0x4c ./mbedtls/library/md.o
                0x0000000000006c86                mbedtls_md_finish
 .text.mbedtls_md
                0x0000000000006cd2       0x56 ./mbedtls/library/md.o
                0x0000000000006cd2                mbedtls_md
 .text.mbedtls_md_hmac_starts
                0x0000000000006d28       0xc2 ./mbedtls/library/md.o
                0x0000000000006d28                mbedtls_md_hmac_starts
 .text.mbedtls_md_hmac_update
                0x0000000000006dea       0x1e ./mbedtls/library/md.o
                0x0000000000006dea                mbedtls_md_hmac_update
 .text.mbedtls_md_hmac_finish
                0x0000000000006e08       0x68 ./mbedtls/library/md.o
                0x0000000000006e08                mbedtls_md_hmac_finish
 .text.mbedtls_md_hmac_reset
                0x0000000000006e70       0x3c ./mbedtls/library/md.o
                0x0000000000006e70                mbedtls_md_hmac_reset
 .text.mbedtls_md_process
                0x0000000000006eac       0x4a ./mbedtls/library/md.o
                0x0000000000006eac                mbedtls_md_process
 .text.mbedtls_md_get_size
                0x0000000000006ef6        0xa ./mbedtls/library/md.o
                0x0000000000006ef6                mbedtls_md_get_size
 .text.mbedtls_md_get_type
                0x0000000000006f00        0xa ./mbedtls/library/md.o
                0x0000000000006f00                mbedtls_md_get_type
 .text.mbedtls_md5_init
                0x0000000000006f0a       0x12 ./mbedtls/library/md5.o
                0x0000000000006f0a                mbedtls_md5_init
 .text.mbedtls_md5_free
                0x0000000000006f1c       0x14 ./mbedtls/library/md5.o
                0x0000000000006f1c                mbedtls_md5_free
 .text.mbedtls_md5_starts_ret
                0x0000000000006f30       0x34 ./mbedtls/library/md5.o
                0x0000000000006f30                mbedtls_md5_starts_ret
 .text.mbedtls_internal_md5_process
                0x0000000000006f64      0xbc0 ./mbedtls/library/md5.o
                0x0000000000006f64                mbedtls_internal_md5_process
 .text.mbedtls_md5_update_ret
                0x0000000000007b24       0x88 ./mbedtls/library/md5.o
                0x0000000000007b24                mbedtls_md5_update_ret
 .text.mbedtls_md5_finish_ret
                0x0000000000007bac       0xba ./mbedtls/library/md5.o
                0x0000000000007bac                mbedtls_md5_finish_ret
 .text.mbedtls_md5_ret
                0x0000000000007c66       0x64 ./mbedtls/library/md5.o
                0x0000000000007c66                mbedtls_md5_ret
 .text.verify_header
                0x0000000000007cca       0x44 ./mbedtls/library/memory_buffer_alloc.o
 .text.verify_chain
                0x0000000000007d0e       0x42 ./mbedtls/library/memory_buffer_alloc.o
 .text.buffer_alloc_calloc
                0x0000000000007d50      0x102 ./mbedtls/library/memory_buffer_alloc.o
 .text.buffer_alloc_free
                0x0000000000007e52      0x108 ./mbedtls/library/memory_buffer_alloc.o
 .text.mbedtls_memory_buffer_alloc_init
                0x0000000000007f5a       0x84 ./mbedtls/library/memory_buffer_alloc.o
                0x0000000000007f5a                mbedtls_memory_buffer_alloc_init
 .text.oid_sig_alg_from_asn1.part.0
                0x0000000000007fde       0x2e ./mbedtls/library/oid.o
 .text.mbedtls_oid_get_attr_short_name
                0x000000000000800c       0x40 ./mbedtls/library/oid.o
                0x000000000000800c                mbedtls_oid_get_attr_short_name
 .text.mbedtls_oid_get_x509_ext_type
                0x000000000000804c       0x40 ./mbedtls/library/oid.o
                0x000000000000804c                mbedtls_oid_get_x509_ext_type
 .text.mbedtls_oid_get_extended_key_usage
                0x000000000000808c       0x40 ./mbedtls/library/oid.o
                0x000000000000808c                mbedtls_oid_get_extended_key_usage
 .text.mbedtls_oid_get_certificate_policies
                0x00000000000080cc       0x40 ./mbedtls/library/oid.o
                0x00000000000080cc                mbedtls_oid_get_certificate_policies
 .text.mbedtls_oid_get_sig_alg_desc
                0x000000000000810c       0x26 ./mbedtls/library/oid.o
                0x000000000000810c                mbedtls_oid_get_sig_alg_desc
 .text.mbedtls_oid_get_sig_alg
                0x0000000000008132       0x2c ./mbedtls/library/oid.o
                0x0000000000008132                mbedtls_oid_get_sig_alg
 .text.mbedtls_oid_get_pk_alg
                0x000000000000815e       0x40 ./mbedtls/library/oid.o
                0x000000000000815e                mbedtls_oid_get_pk_alg
 .text.mbedtls_oid_get_ec_grp
                0x000000000000819e       0x40 ./mbedtls/library/oid.o
                0x000000000000819e                mbedtls_oid_get_ec_grp
 .text.mbedtls_oid_get_oid_by_md
                0x00000000000081de       0x26 ./mbedtls/library/oid.o
                0x00000000000081de                mbedtls_oid_get_oid_by_md
 .text.mbedtls_oid_get_numeric_string
                0x0000000000008204       0x92 ./mbedtls/library/oid.o
                0x0000000000008204                mbedtls_oid_get_numeric_string
 .text.mbedtls_pk_init
                0x0000000000008296        0xa ./mbedtls/library/pk.o
                0x0000000000008296                mbedtls_pk_init
 .text.mbedtls_pk_free
                0x00000000000082a0       0x20 ./mbedtls/library/pk.o
                0x00000000000082a0                mbedtls_pk_free
 .text.mbedtls_pk_info_from_type
                0x00000000000082c0       0x1e ./mbedtls/library/pk.o
                0x00000000000082c0                mbedtls_pk_info_from_type
 .text.mbedtls_pk_setup
                0x00000000000082de       0x2e ./mbedtls/library/pk.o
                0x00000000000082de                mbedtls_pk_setup
 .text.mbedtls_pk_can_do
                0x000000000000830c       0x1c ./mbedtls/library/pk.o
                0x000000000000830c                mbedtls_pk_can_do
 .text.mbedtls_pk_verify_restartable
                0x0000000000008328       0x50 ./mbedtls/library/pk.o
                0x0000000000008328                mbedtls_pk_verify_restartable
 .text.mbedtls_pk_verify
                0x0000000000008378        0xe ./mbedtls/library/pk.o
                0x0000000000008378                mbedtls_pk_verify
 .text.mbedtls_pk_verify_ext
                0x0000000000008386       0x60 ./mbedtls/library/pk.o
                0x0000000000008386                mbedtls_pk_verify_ext
 .text.mbedtls_pk_sign_restartable
                0x00000000000083e6       0x58 ./mbedtls/library/pk.o
                0x00000000000083e6                mbedtls_pk_sign_restartable
 .text.mbedtls_pk_encrypt
                0x000000000000843e       0x2c ./mbedtls/library/pk.o
                0x000000000000843e                mbedtls_pk_encrypt
 .text.mbedtls_pk_get_bitlen
                0x000000000000846a       0x1e ./mbedtls/library/pk.o
                0x000000000000846a                mbedtls_pk_get_bitlen
 .text.mbedtls_pk_debug
                0x0000000000008488       0x26 ./mbedtls/library/pk.o
                0x0000000000008488                mbedtls_pk_debug
 .text.mbedtls_pk_get_name
                0x00000000000084ae       0x14 ./mbedtls/library/pk.o
                0x00000000000084ae                mbedtls_pk_get_name
 .text.mbedtls_pk_get_type
                0x00000000000084c2       0x10 ./mbedtls/library/pk.o
                0x00000000000084c2                mbedtls_pk_get_type
 .text.rsa_can_do
                0x00000000000084d2       0x12 ./mbedtls/library/pk_wrap.o
 .text.rsa_debug
                0x00000000000084e4       0x26 ./mbedtls/library/pk_wrap.o
 .text.eckey_can_do
                0x000000000000850a        0x8 ./mbedtls/library/pk_wrap.o
 .text.eckey_get_bitlen
                0x0000000000008512        0x4 ./mbedtls/library/pk_wrap.o
 .text.eckey_debug
                0x0000000000008516       0x16 ./mbedtls/library/pk_wrap.o
 .text.eckeydh_can_do
                0x000000000000852c        0x8 ./mbedtls/library/pk_wrap.o
 .text.ecdsa_can_do
                0x0000000000008534        0x8 ./mbedtls/library/pk_wrap.o
 .text.rsa_free_wrap
                0x000000000000853c       0x12 ./mbedtls/library/pk_wrap.o
 .text.rsa_alloc_wrap
                0x000000000000854e       0x1e ./mbedtls/library/pk_wrap.o
 .text.rsa_check_pair_wrap
                0x000000000000856c        0xc ./mbedtls/library/pk_wrap.o
 .text.rsa_get_bitlen
                0x0000000000008578        0xe ./mbedtls/library/pk_wrap.o
 .text.rsa_encrypt_wrap
                0x0000000000008586       0x4c ./mbedtls/library/pk_wrap.o
 .text.rsa_decrypt_wrap
                0x00000000000085d2       0x48 ./mbedtls/library/pk_wrap.o
 .text.rsa_sign_wrap
                0x000000000000861a       0x40 ./mbedtls/library/pk_wrap.o
 .text.rsa_verify_wrap
                0x000000000000865a       0x52 ./mbedtls/library/pk_wrap.o
 .text.eckey_free_wrap
                0x00000000000086ac       0x12 ./mbedtls/library/pk_wrap.o
 .text.eckey_alloc_wrap
                0x00000000000086be       0x1a ./mbedtls/library/pk_wrap.o
 .text.eckey_check_pair
                0x00000000000086d8        0xc ./mbedtls/library/pk_wrap.o
 .text.ecdsa_alloc_wrap
                0x00000000000086e4       0x1a ./mbedtls/library/pk_wrap.o
 .text.ecdsa_free_wrap
                0x00000000000086fe       0x12 ./mbedtls/library/pk_wrap.o
 .text.ecdsa_sign_wrap
                0x0000000000008710        0xc ./mbedtls/library/pk_wrap.o
 .text.eckey_sign_wrap
                0x000000000000871c       0x4a ./mbedtls/library/pk_wrap.o
 .text.ecdsa_verify_wrap
                0x0000000000008766       0x24 ./mbedtls/library/pk_wrap.o
 .text.eckey_verify_wrap
                0x000000000000878a       0x42 ./mbedtls/library/pk_wrap.o
 .text.pk_get_rsapubkey
                0x00000000000087cc       0xb6 ./mbedtls/library/pkparse.o
 .text.pk_use_ecparams
                0x0000000000008882       0x46 ./mbedtls/library/pkparse.o
 .text.pk_get_pk_alg
                0x00000000000088c8       0x5c ./mbedtls/library/pkparse.o
 .text.mbedtls_pk_parse_subpubkey
                0x0000000000008924      0x100 ./mbedtls/library/pkparse.o
                0x0000000000008924                mbedtls_pk_parse_subpubkey
 .text.mbedtls_calloc
                0x0000000000008a24        0xe ./mbedtls/library/platform.o
                0x0000000000008a24                mbedtls_calloc
 .text.mbedtls_free
                0x0000000000008a32        0xe ./mbedtls/library/platform.o
                0x0000000000008a32                mbedtls_free
 .text.mbedtls_platform_set_calloc_free
                0x0000000000008a40        0xc ./mbedtls/library/platform.o
                0x0000000000008a40                mbedtls_platform_set_calloc_free
 .text.mbedtls_platform_zeroize
                0x0000000000008a4c       0x16 ./mbedtls/library/platform_util.o
                0x0000000000008a4c                mbedtls_platform_zeroize
 .text.rsa_rsassa_pkcs1_v15_encode
                0x0000000000008a62      0x114 ./mbedtls/library/rsa.o
 .text.rsa_check_context.isra.0
                0x0000000000008b76       0xc0 ./mbedtls/library/rsa.o
 .text.mbedtls_rsa_import_raw
                0x0000000000008c36       0x84 ./mbedtls/library/rsa.o
                0x0000000000008c36                mbedtls_rsa_import_raw
 .text.mbedtls_rsa_complete
                0x0000000000008cba      0x12a ./mbedtls/library/rsa.o
                0x0000000000008cba                mbedtls_rsa_complete
 .text.mbedtls_rsa_init
                0x0000000000008de4       0x1e ./mbedtls/library/rsa.o
                0x0000000000008de4                mbedtls_rsa_init
 .text.mbedtls_rsa_get_len
                0x0000000000008e02        0x4 ./mbedtls/library/rsa.o
                0x0000000000008e02                mbedtls_rsa_get_len
 .text.mbedtls_rsa_check_pubkey
                0x0000000000008e06       0x52 ./mbedtls/library/rsa.o
                0x0000000000008e06                mbedtls_rsa_check_pubkey
 .text.mbedtls_rsa_check_privkey
                0x0000000000008e58       0x5c ./mbedtls/library/rsa.o
                0x0000000000008e58                mbedtls_rsa_check_privkey
 .text.mbedtls_rsa_check_pub_priv
                0x0000000000008eb4       0x3c ./mbedtls/library/rsa.o
                0x0000000000008eb4                mbedtls_rsa_check_pub_priv
 .text.mbedtls_rsa_public
                0x0000000000008ef0       0x82 ./mbedtls/library/rsa.o
                0x0000000000008ef0                mbedtls_rsa_public
 .text.mbedtls_rsa_private
                0x0000000000008f72      0x330 ./mbedtls/library/rsa.o
                0x0000000000008f72                mbedtls_rsa_private
 .text.mbedtls_rsa_rsaes_pkcs1_v15_encrypt
                0x00000000000092a2       0xde ./mbedtls/library/rsa.o
                0x00000000000092a2                mbedtls_rsa_rsaes_pkcs1_v15_encrypt
 .text.mbedtls_rsa_pkcs1_encrypt
                0x0000000000009380       0x1c ./mbedtls/library/rsa.o
                0x0000000000009380                mbedtls_rsa_pkcs1_encrypt
 .text.mbedtls_rsa_rsaes_pkcs1_v15_decrypt
                0x000000000000939c      0x1d8 ./mbedtls/library/rsa.o
                0x000000000000939c                mbedtls_rsa_rsaes_pkcs1_v15_decrypt
 .text.mbedtls_rsa_pkcs1_decrypt
                0x0000000000009574       0x1c ./mbedtls/library/rsa.o
                0x0000000000009574                mbedtls_rsa_pkcs1_decrypt
 .text.mbedtls_rsa_rsassa_pkcs1_v15_sign
                0x0000000000009590       0xc6 ./mbedtls/library/rsa.o
                0x0000000000009590                mbedtls_rsa_rsassa_pkcs1_v15_sign
 .text.mbedtls_rsa_pkcs1_sign
                0x0000000000009656       0x1c ./mbedtls/library/rsa.o
                0x0000000000009656                mbedtls_rsa_pkcs1_sign
 .text.mbedtls_rsa_rsassa_pkcs1_v15_verify
                0x0000000000009672       0xc4 ./mbedtls/library/rsa.o
                0x0000000000009672                mbedtls_rsa_rsassa_pkcs1_v15_verify
 .text.mbedtls_rsa_pkcs1_verify
                0x0000000000009736       0x1c ./mbedtls/library/rsa.o
                0x0000000000009736                mbedtls_rsa_pkcs1_verify
 .text.mbedtls_rsa_free
                0x0000000000009752       0x76 ./mbedtls/library/rsa.o
                0x0000000000009752                mbedtls_rsa_free
 .text.mbedtls_rsa_deduce_primes
                0x00000000000097c8      0x1c8 ./mbedtls/library/rsa_internal.o
                0x00000000000097c8                mbedtls_rsa_deduce_primes
 .text.mbedtls_rsa_deduce_private_exponent
                0x0000000000009990       0xb4 ./mbedtls/library/rsa_internal.o
                0x0000000000009990                mbedtls_rsa_deduce_private_exponent
 .text.mbedtls_rsa_validate_crt
                0x0000000000009a44       0xfc ./mbedtls/library/rsa_internal.o
                0x0000000000009a44                mbedtls_rsa_validate_crt
 .text.mbedtls_rsa_validate_params
                0x0000000000009b40      0x16e ./mbedtls/library/rsa_internal.o
                0x0000000000009b40                mbedtls_rsa_validate_params
 .text.mbedtls_rsa_deduce_crt
                0x0000000000009cae       0x7a ./mbedtls/library/rsa_internal.o
                0x0000000000009cae                mbedtls_rsa_deduce_crt
 .text.mbedtls_sha1_init
                0x0000000000009d28       0x12 ./mbedtls/library/sha1.o
                0x0000000000009d28                mbedtls_sha1_init
 .text.mbedtls_sha1_free
                0x0000000000009d3a       0x14 ./mbedtls/library/sha1.o
                0x0000000000009d3a                mbedtls_sha1_free
 .text.mbedtls_sha1_starts_ret
                0x0000000000009d4e       0x3e ./mbedtls/library/sha1.o
                0x0000000000009d4e                mbedtls_sha1_starts_ret
 .text.mbedtls_internal_sha1_process
                0x0000000000009d8c     0x156e ./mbedtls/library/sha1.o
                0x0000000000009d8c                mbedtls_internal_sha1_process
 .text.mbedtls_sha1_update_ret
                0x000000000000b2fa       0x88 ./mbedtls/library/sha1.o
                0x000000000000b2fa                mbedtls_sha1_update_ret
 .text.mbedtls_sha1_finish_ret
                0x000000000000b382      0x108 ./mbedtls/library/sha1.o
                0x000000000000b382                mbedtls_sha1_finish_ret
 .text.mbedtls_sha1_ret
                0x000000000000b48a       0x44 ./mbedtls/library/sha1.o
                0x000000000000b48a                mbedtls_sha1_ret
 .text.mbedtls_sha256_init
                0x000000000000b4ce       0x12 ./mbedtls/library/sha256.o
                0x000000000000b4ce                mbedtls_sha256_init
 .text.mbedtls_sha256_free
                0x000000000000b4e0       0x14 ./mbedtls/library/sha256.o
                0x000000000000b4e0                mbedtls_sha256_free
 .text.mbedtls_sha256_clone
                0x000000000000b4f4       0x10 ./mbedtls/library/sha256.o
                0x000000000000b4f4                mbedtls_sha256_clone
 .text.mbedtls_sha256_starts_ret
                0x000000000000b504       0xb0 ./mbedtls/library/sha256.o
                0x000000000000b504                mbedtls_sha256_starts_ret
 .text.mbedtls_internal_sha256_process
                0x000000000000b5b4      0xc20 ./mbedtls/library/sha256.o
                0x000000000000b5b4                mbedtls_internal_sha256_process
 .text.mbedtls_sha256_update_ret
                0x000000000000c1d4       0x88 ./mbedtls/library/sha256.o
                0x000000000000c1d4                mbedtls_sha256_update_ret
 .text.mbedtls_sha256_finish_ret
                0x000000000000c25c      0x148 ./mbedtls/library/sha256.o
                0x000000000000c25c                mbedtls_sha256_finish_ret
 .text.mbedtls_sha256_ret
                0x000000000000c3a4       0x48 ./mbedtls/library/sha256.o
                0x000000000000c3a4                mbedtls_sha256_ret
 .text.mbedtls_ssl_list_ciphersuites
                0x000000000000c3ec        0x6 ./mbedtls/library/ssl_ciphersuites.o
                0x000000000000c3ec                mbedtls_ssl_list_ciphersuites
 .text.mbedtls_ssl_ciphersuite_from_id
                0x000000000000c3f2       0x1c ./mbedtls/library/ssl_ciphersuites.o
                0x000000000000c3f2                mbedtls_ssl_ciphersuite_from_id
 .text.mbedtls_ssl_get_ciphersuite_name
                0x000000000000c40e       0x1a ./mbedtls/library/ssl_ciphersuites.o
                0x000000000000c40e                mbedtls_ssl_get_ciphersuite_name
 .text.mbedtls_ssl_ciphersuite_uses_ec
                0x000000000000c428       0x20 ./mbedtls/library/ssl_ciphersuites.o
                0x000000000000c428                mbedtls_ssl_ciphersuite_uses_ec
 .text.mbedtls_ssl_own_key
                0x000000000000c448       0x16 ./mbedtls/library/ssl_cli.o
 .text.mbedtls_ssl_handshake_client_step
                0x000000000000c45e     0x15bc ./mbedtls/library/ssl_cli.o
                0x000000000000c45e                mbedtls_ssl_handshake_client_step
 .text.ssl_extract_add_data_from_record.isra.7
                0x000000000000da1a       0x2e ./mbedtls/library/ssl_msg.o
 .text.ssl_build_record_nonce.constprop.13
                0x000000000000da48       0x3e ./mbedtls/library/ssl_msg.o
 .text.mbedtls_ssl_set_timer
                0x000000000000da86       0x3a ./mbedtls/library/ssl_msg.o
                0x000000000000da86                mbedtls_ssl_set_timer
 .text.mbedtls_ssl_check_timer
                0x000000000000dac0       0x3e ./mbedtls/library/ssl_msg.o
                0x000000000000dac0                mbedtls_ssl_check_timer
 .text.mbedtls_ssl_encrypt_buf
                0x000000000000dafe      0x454 ./mbedtls/library/ssl_msg.o
                0x000000000000dafe                mbedtls_ssl_encrypt_buf
 .text.mbedtls_ssl_decrypt_buf
                0x000000000000df52      0x4a6 ./mbedtls/library/ssl_msg.o
                0x000000000000df52                mbedtls_ssl_decrypt_buf
 .text.mbedtls_ssl_fetch_input
                0x000000000000e3f8      0x15c ./mbedtls/library/ssl_msg.o
                0x000000000000e3f8                mbedtls_ssl_fetch_input
 .text.mbedtls_ssl_prepare_handshake_record
                0x000000000000e554       0x98 ./mbedtls/library/ssl_msg.o
                0x000000000000e554                mbedtls_ssl_prepare_handshake_record
 .text.mbedtls_ssl_update_handshake_status
                0x000000000000e5ec       0x22 ./mbedtls/library/ssl_msg.o
                0x000000000000e5ec                mbedtls_ssl_update_handshake_status
 .text.mbedtls_ssl_handle_message_type
                0x000000000000e60e      0x13a ./mbedtls/library/ssl_msg.o
                0x000000000000e60e                mbedtls_ssl_handle_message_type
 .text.mbedtls_ssl_update_out_pointers
                0x000000000000e748       0x3a ./mbedtls/library/ssl_msg.o
                0x000000000000e748                mbedtls_ssl_update_out_pointers
 .text.mbedtls_ssl_flush_output
                0x000000000000e782      0x12e ./mbedtls/library/ssl_msg.o
                0x000000000000e782                mbedtls_ssl_flush_output
 .text.mbedtls_ssl_write_record
                0x000000000000e8b0      0x212 ./mbedtls/library/ssl_msg.o
                0x000000000000e8b0                mbedtls_ssl_write_record
 .text.mbedtls_ssl_write_handshake_msg
                0x000000000000eac2      0x12a ./mbedtls/library/ssl_msg.o
                0x000000000000eac2                mbedtls_ssl_write_handshake_msg
 .text.mbedtls_ssl_write_change_cipher_spec
                0x000000000000ebec       0x7e ./mbedtls/library/ssl_msg.o
                0x000000000000ebec                mbedtls_ssl_write_change_cipher_spec
 .text.mbedtls_ssl_send_alert_message
                0x000000000000ec6a       0xb0 ./mbedtls/library/ssl_msg.o
                0x000000000000ec6a                mbedtls_ssl_send_alert_message
 .text.mbedtls_ssl_update_in_pointers
                0x000000000000ed1a       0x16 ./mbedtls/library/ssl_msg.o
                0x000000000000ed1a                mbedtls_ssl_update_in_pointers
 .text.mbedtls_ssl_read_record
                0x000000000000ed30      0x420 ./mbedtls/library/ssl_msg.o
                0x000000000000ed30                mbedtls_ssl_read_record
 .text.mbedtls_ssl_parse_change_cipher_spec
                0x000000000000f150       0xd0 ./mbedtls/library/ssl_msg.o
                0x000000000000f150                mbedtls_ssl_parse_change_cipher_spec
 .text.mbedtls_ssl_reset_in_out_pointers
                0x000000000000f220       0x26 ./mbedtls/library/ssl_msg.o
                0x000000000000f220                mbedtls_ssl_reset_in_out_pointers
 .text.mbedtls_ssl_read
                0x000000000000f246      0x246 ./mbedtls/library/ssl_msg.o
                0x000000000000f246                mbedtls_ssl_read
 .text.mbedtls_ssl_write
                0x000000000000f48c      0x10e ./mbedtls/library/ssl_msg.o
                0x000000000000f48c                mbedtls_ssl_write
 .text.mbedtls_ssl_close_notify
                0x000000000000f59a       0x96 ./mbedtls/library/ssl_msg.o
                0x000000000000f59a                mbedtls_ssl_close_notify
 .text.mbedtls_ssl_transform_free
                0x000000000000f630       0x38 ./mbedtls/library/ssl_msg.o
                0x000000000000f630                mbedtls_ssl_transform_free
 .text.mbedtls_ssl_write_version
                0x000000000000f668        0x6 ./mbedtls/library/ssl_msg.o
                0x000000000000f668                mbedtls_ssl_write_version
 .text.mbedtls_ssl_read_version
                0x000000000000f66e        0xa ./mbedtls/library/ssl_msg.o
                0x000000000000f66e                mbedtls_ssl_read_version
 .text.ssl_calc_finished_tls_sha256
                0x000000000000f678       0xe6 ./mbedtls/library/ssl_tls.o
 .text.ssl_calc_verify_tls_sha256
                0x000000000000f75e       0x8c ./mbedtls/library/ssl_tls.o
 .text.ssl_update_checksum_start
                0x000000000000f7ea       0x12 ./mbedtls/library/ssl_tls.o
 .text.ssl_update_checksum_sha256
                0x000000000000f7fc        0xc ./mbedtls/library/ssl_tls.o
 .text.tls_prf_sha256
                0x000000000000f808      0x130 ./mbedtls/library/ssl_tls.o
 .text.mbedtls_ssl_derive_keys
                0x000000000000f938      0x578 ./mbedtls/library/ssl_tls.o
                0x000000000000f938                mbedtls_ssl_derive_keys
 .text.mbedtls_ssl_write_certificate
                0x000000000000feb0      0x1d2 ./mbedtls/library/ssl_tls.o
                0x000000000000feb0                mbedtls_ssl_write_certificate
 .text.mbedtls_ssl_optimize_checksum
                0x0000000000010082       0x3c ./mbedtls/library/ssl_tls.o
                0x0000000000010082                mbedtls_ssl_optimize_checksum
 .text.mbedtls_ssl_write_finished
                0x00000000000100be       0xec ./mbedtls/library/ssl_tls.o
                0x00000000000100be                mbedtls_ssl_write_finished
 .text.mbedtls_ssl_parse_finished
                0x00000000000101aa      0x158 ./mbedtls/library/ssl_tls.o
                0x00000000000101aa                mbedtls_ssl_parse_finished
 .text.mbedtls_ssl_transform_init
                0x0000000000010302       0x34 ./mbedtls/library/ssl_tls.o
                0x0000000000010302                mbedtls_ssl_transform_init
 .text.mbedtls_ssl_session_init
                0x0000000000010336       0x12 ./mbedtls/library/ssl_tls.o
                0x0000000000010336                mbedtls_ssl_session_init
 .text.mbedtls_ssl_init
                0x0000000000010348       0x12 ./mbedtls/library/ssl_tls.o
                0x0000000000010348                mbedtls_ssl_init
 .text.mbedtls_ssl_conf_authmode
                0x000000000001035a       0x14 ./mbedtls/library/ssl_tls.o
                0x000000000001035a                mbedtls_ssl_conf_authmode
 .text.mbedtls_ssl_conf_rng
                0x000000000001036e        0x6 ./mbedtls/library/ssl_tls.o
                0x000000000001036e                mbedtls_ssl_conf_rng
 .text.mbedtls_ssl_set_bio
                0x0000000000010374        0xa ./mbedtls/library/ssl_tls.o
                0x0000000000010374                mbedtls_ssl_set_bio
 .text.mbedtls_ssl_set_hostname
                0x000000000001037e       0x7c ./mbedtls/library/ssl_tls.o
                0x000000000001037e                mbedtls_ssl_set_hostname
 .text.mbedtls_ssl_get_output_max_frag_len
                0x00000000000103fa       0x76 ./mbedtls/library/ssl_tls.o
                0x00000000000103fa                mbedtls_ssl_get_output_max_frag_len
 .text.mbedtls_ssl_get_max_out_record_payload
                0x0000000000010470       0x1c ./mbedtls/library/ssl_tls.o
                0x0000000000010470                mbedtls_ssl_get_max_out_record_payload
 .text.mbedtls_ssl_handshake_step
                0x000000000001048c       0x2a ./mbedtls/library/ssl_tls.o
                0x000000000001048c                mbedtls_ssl_handshake_step
 .text.mbedtls_ssl_handshake
                0x00000000000104b6       0x66 ./mbedtls/library/ssl_tls.o
                0x00000000000104b6                mbedtls_ssl_handshake
 .text.mbedtls_ssl_handshake_free
                0x000000000001051c       0x46 ./mbedtls/library/ssl_tls.o
                0x000000000001051c                mbedtls_ssl_handshake_free
 .text.mbedtls_ssl_handshake_wrapup_free_hs_transform
                0x0000000000010562       0x66 ./mbedtls/library/ssl_tls.o
                0x0000000000010562                mbedtls_ssl_handshake_wrapup_free_hs_transform
 .text.mbedtls_ssl_session_free
                0x00000000000105c8       0x2c ./mbedtls/library/ssl_tls.o
                0x00000000000105c8                mbedtls_ssl_session_free
 .text.mbedtls_ssl_handshake_wrapup
                0x00000000000105f4       0x96 ./mbedtls/library/ssl_tls.o
                0x00000000000105f4                mbedtls_ssl_handshake_wrapup
 .text.ssl_handshake_init
                0x000000000001068a       0xfa ./mbedtls/library/ssl_tls.o
 .text.mbedtls_ssl_setup
                0x0000000000010784       0xc2 ./mbedtls/library/ssl_tls.o
                0x0000000000010784                mbedtls_ssl_setup
 .text.mbedtls_ssl_free
                0x0000000000010846       0xe4 ./mbedtls/library/ssl_tls.o
                0x0000000000010846                mbedtls_ssl_free
 .text.mbedtls_ssl_config_init
                0x000000000001092a       0x12 ./mbedtls/library/ssl_tls.o
                0x000000000001092a                mbedtls_ssl_config_init
 .text.mbedtls_ssl_config_defaults
                0x000000000001093c       0x96 ./mbedtls/library/ssl_tls.o
                0x000000000001093c                mbedtls_ssl_config_defaults
 .text.mbedtls_ssl_config_free
                0x00000000000109d2       0x22 ./mbedtls/library/ssl_tls.o
                0x00000000000109d2                mbedtls_ssl_config_free
 .text.mbedtls_ssl_sig_from_pk
                0x00000000000109f4       0x24 ./mbedtls/library/ssl_tls.o
                0x00000000000109f4                mbedtls_ssl_sig_from_pk
 .text.mbedtls_ssl_hash_from_md_alg
                0x0000000000010a18       0x16 ./mbedtls/library/ssl_tls.o
                0x0000000000010a18                mbedtls_ssl_hash_from_md_alg
 .text.mbedtls_ssl_check_curve
                0x0000000000010a2e       0x1a ./mbedtls/library/ssl_tls.o
                0x0000000000010a2e                mbedtls_ssl_check_curve
 .text.mbedtls_ssl_parse_certificate
                0x0000000000010a48      0x512 ./mbedtls/library/ssl_tls.o
                0x0000000000010a48                mbedtls_ssl_parse_certificate
 .text.x509_parse_int
                0x0000000000010f5a       0x40 ./mbedtls/library/x509.o
 .text.mbedtls_x509_get_serial
                0x0000000000010f9a       0x5a ./mbedtls/library/x509.o
                0x0000000000010f9a                mbedtls_x509_get_serial
 .text.mbedtls_x509_get_alg
                0x0000000000010ff4       0x16 ./mbedtls/library/x509.o
                0x0000000000010ff4                mbedtls_x509_get_alg
 .text.mbedtls_x509_get_name
                0x000000000001100a      0x11a ./mbedtls/library/x509.o
                0x000000000001100a                mbedtls_x509_get_name
 .text.mbedtls_x509_get_time
                0x0000000000011124      0x17c ./mbedtls/library/x509.o
                0x0000000000011124                mbedtls_x509_get_time
 .text.mbedtls_x509_get_sig
                0x00000000000112a0       0x4a ./mbedtls/library/x509.o
                0x00000000000112a0                mbedtls_x509_get_sig
 .text.mbedtls_x509_get_sig_alg
                0x00000000000112ea       0x3e ./mbedtls/library/x509.o
                0x00000000000112ea                mbedtls_x509_get_sig_alg
 .text.mbedtls_x509_get_ext
                0x0000000000011328       0x5a ./mbedtls/library/x509.o
                0x0000000000011328                mbedtls_x509_get_ext
 .text.mbedtls_x509_dn_gets
                0x0000000000011382      0x100 ./mbedtls/library/x509.o
                0x0000000000011382                mbedtls_x509_dn_gets
 .text.mbedtls_x509_serial_gets
                0x0000000000011482       0x9e ./mbedtls/library/x509.o
                0x0000000000011482                mbedtls_x509_serial_gets
 .text.mbedtls_x509_sig_alg_gets
                0x0000000000011520       0x50 ./mbedtls/library/x509.o
                0x0000000000011520                mbedtls_x509_sig_alg_gets
 .text.mbedtls_x509_key_size_helper
                0x0000000000011570       0x2a ./mbedtls/library/x509.o
                0x0000000000011570                mbedtls_x509_key_size_helper
 .text.mbedtls_x509_time_is_past
                0x000000000001159a        0x4 ./mbedtls/library/x509.o
                0x000000000001159a                mbedtls_x509_time_is_past
 .text.mbedtls_x509_time_is_future
                0x000000000001159e        0x4 ./mbedtls/library/x509.o
                0x000000000001159e                mbedtls_x509_time_is_future
 .text.x509_memcasecmp
                0x00000000000115a2       0x40 ./mbedtls/library/x509_crt.o
 .text.x509_name_cmp
                0x00000000000115e2       0x88 ./mbedtls/library/x509_crt.o
 .text.x509_crt_check_cn
                0x000000000001166a       0x7c ./mbedtls/library/x509_crt.o
 .text.x509_get_uid
                0x00000000000116e6       0x46 ./mbedtls/library/x509_crt.o
 .text.x509_profile_check_key
                0x000000000001172c       0x58 ./mbedtls/library/x509_crt.o
 .text.x509_crt_verify_restartable_ca_cb.isra.9
                0x0000000000011784      0x338 ./mbedtls/library/x509_crt.o
 .text.mbedtls_x509_parse_subject_alt_name
                0x0000000000011abc      0x118 ./mbedtls/library/x509_crt.o
                0x0000000000011abc                mbedtls_x509_parse_subject_alt_name
 .text.mbedtls_x509_crt_info
                0x0000000000011bd4      0x83e ./mbedtls/library/x509_crt.o
                0x0000000000011bd4                mbedtls_x509_crt_info
 .text.mbedtls_x509_crt_verify_restartable
                0x0000000000012412       0x16 ./mbedtls/library/x509_crt.o
                0x0000000000012412                mbedtls_x509_crt_verify_restartable
 .text.mbedtls_x509_crt_init
                0x0000000000012428       0x12 ./mbedtls/library/x509_crt.o
                0x0000000000012428                mbedtls_x509_crt_init
 .text.mbedtls_x509_crt_free
                0x000000000001243a       0xee ./mbedtls/library/x509_crt.o
                0x000000000001243a                mbedtls_x509_crt_free
 .text.mbedtls_x509_crt_parse_der_internal.part.12
                0x0000000000012528      0x7e4 ./mbedtls/library/x509_crt.o
 .text.mbedtls_x509_crt_parse_der_nocopy
                0x0000000000012d0c       0x1e ./mbedtls/library/x509_crt.o
                0x0000000000012d0c                mbedtls_x509_crt_parse_der_nocopy
 .text.parse_hex4
                0x0000000000012d2a       0x5c ./User/cJSON.o
 .text.parse_string
                0x0000000000012d86      0x248 ./User/cJSON.o
 .text.buffer_skip_whitespace
                0x0000000000012fce       0x38 ./User/cJSON.o
 .text.get_array_item
                0x0000000000013006       0x14 ./User/cJSON.o
 .text.update_offset
                0x000000000001301a       0x20 ./User/cJSON.o
 .text.ensure   0x000000000001303a       0x98 ./User/cJSON.o
 .text.get_object_item
                0x00000000000130d2       0xac ./User/cJSON.o
 .text.add_item_to_array
                0x000000000001317e       0x2a ./User/cJSON.o
 .text.print_string_ptr
                0x00000000000131a8      0x164 ./User/cJSON.o
 .text.cJSON_New_Item.isra.5
                0x000000000001330c       0x20 ./User/cJSON.o
 .text.cJSON_strdup.isra.1.constprop.15
                0x000000000001332c       0x36 ./User/cJSON.o
 .text.add_item_to_object.constprop.11
                0x0000000000013362       0x62 ./User/cJSON.o
 .text.print_value
                0x00000000000133c4      0x404 ./User/cJSON.o
 .text.print.constprop.13
                0x00000000000137c8       0xa6 ./User/cJSON.o
 .text.cJSON_Delete
                0x000000000001386e       0x5c ./User/cJSON.o
                0x000000000001386e                cJSON_Delete
 .text.parse_value
                0x00000000000138ca      0x382 ./User/cJSON.o
 .text.cJSON_ParseWithLengthOpts
                0x0000000000013c4c       0xea ./User/cJSON.o
                0x0000000000013c4c                cJSON_ParseWithLengthOpts
 .text.cJSON_ParseWithOpts
                0x0000000000013d36       0x2a ./User/cJSON.o
                0x0000000000013d36                cJSON_ParseWithOpts
 .text.cJSON_Parse
                0x0000000000013d60       0x10 ./User/cJSON.o
                0x0000000000013d60                cJSON_Parse
 .text.cJSON_PrintUnformatted
                0x0000000000013d70        0xe ./User/cJSON.o
                0x0000000000013d70                cJSON_PrintUnformatted
 .text.cJSON_GetArrayItem
                0x0000000000013d7e       0x14 ./User/cJSON.o
                0x0000000000013d7e                cJSON_GetArrayItem
 .text.cJSON_GetObjectItem
                0x0000000000013d92        0xe ./User/cJSON.o
                0x0000000000013d92                cJSON_GetObjectItem
 .text.cJSON_AddItemToArray
                0x0000000000013da0        0xc ./User/cJSON.o
                0x0000000000013da0                cJSON_AddItemToArray
 .text.cJSON_CreateBool
                0x0000000000013dac       0x20 ./User/cJSON.o
                0x0000000000013dac                cJSON_CreateBool
 .text.cJSON_AddBoolToObject
                0x0000000000013dcc       0x30 ./User/cJSON.o
                0x0000000000013dcc                cJSON_AddBoolToObject
 .text.cJSON_CreateString
                0x0000000000013dfc       0x32 ./User/cJSON.o
                0x0000000000013dfc                cJSON_CreateString
 .text.cJSON_AddStringToObject
                0x0000000000013e2e       0x30 ./User/cJSON.o
                0x0000000000013e2e                cJSON_AddStringToObject
 .text.cJSON_CreateArray
                0x0000000000013e5e       0x1c ./User/cJSON.o
                0x0000000000013e5e                cJSON_CreateArray
 .text.cJSON_AddArrayToObject
                0x0000000000013e7a       0x2e ./User/cJSON.o
                0x0000000000013e7a                cJSON_AddArrayToObject
 .text.cJSON_CreateObject
                0x0000000000013ea8       0x1c ./User/cJSON.o
                0x0000000000013ea8                cJSON_CreateObject
 .text.cJSON_IsString
                0x0000000000013ec4       0x10 ./User/cJSON.o
                0x0000000000013ec4                cJSON_IsString
 .text.cJSON_IsArray
                0x0000000000013ed4       0x10 ./User/cJSON.o
                0x0000000000013ed4                cJSON_IsArray
 .text.NMI_Handler
                0x0000000000013ee4        0x2 ./User/ch32v30x_it.o
                0x0000000000013ee4                NMI_Handler
 .text.HardFault_Handler
                0x0000000000013ee6       0x52 ./User/ch32v30x_it.o
                0x0000000000013ee6                HardFault_Handler
 .text.EXTI9_5_IRQHandler
                0x0000000000013f38       0x54 ./User/ch32v30x_it.o
                0x0000000000013f38                EXTI9_5_IRQHandler
 .text.ETH_IRQHandler
                0x0000000000013f8c        0x8 ./User/ch32v30x_it.o
                0x0000000000013f8c                ETH_IRQHandler
 .text.TIM2_IRQHandler
                0x0000000000013f94       0x14 ./User/ch32v30x_it.o
                0x0000000000013f94                TIM2_IRQHandler
 .text.wchnet_send
                0x0000000000013fa8       0x68 ./User/main.o
 .text.wchnet_recv
                0x0000000000014010       0x5c ./User/main.o
 .text.UART1_Init
                0x000000000001406c       0xa0 ./User/main.o
                0x000000000001406c                UART1_Init
 .text.USART1_IRQHandler
                0x000000000001410c       0x8c ./User/main.o
                0x000000000001410c                USART1_IRQHandler
 .text.https_post
                0x0000000000014198       0xde ./User/main.o
                0x0000000000014198                https_post
 .text.mStopIfError
                0x0000000000014276       0x1a ./User/main.o
                0x0000000000014276                mStopIfError
 .text.TIM2_Init
                0x0000000000014290       0x6e ./User/main.o
                0x0000000000014290                TIM2_Init
 .text.WCHNET_CreateTcpSocket
                0x00000000000142fe       0x64 ./User/main.o
                0x00000000000142fe                WCHNET_CreateTcpSocket
 .text.WCHNET_DHCPCallBack
                0x0000000000014362      0x124 ./User/main.o
                0x0000000000014362                WCHNET_DHCPCallBack
 .text.Respond_Parse
                0x0000000000014486       0x94 ./User/main.o
                0x0000000000014486                Respond_Parse
 .text.WCHNET_HandleSockInt
                0x000000000001451a      0x1fe ./User/main.o
                0x000000000001451a                WCHNET_HandleSockInt
 .text.WCHNET_HandleGlobalInt
                0x0000000000014718       0x70 ./User/main.o
                0x0000000000014718                WCHNET_HandleGlobalInt
 .text.ssl_int  0x0000000000014788      0x174 ./User/main.o
                0x0000000000014788                ssl_int
 .text.startup.main
                0x00000000000148fc      0x174 ./User/main.o
                0x00000000000148fc                main
 .text.SystemInit
                0x0000000000014a70       0xfa ./User/system_ch32v30x.o
                0x0000000000014a70                SystemInit
 .text.SystemCoreClockUpdate
                0x0000000000014b6a      0x12a ./User/system_ch32v30x.o
                0x0000000000014b6a                SystemCoreClockUpdate
 .text.vector_handler
                0x0000000000014c94        0x2 ./Startup/startup_ch32v30x_D8C.o
                0x0000000000014c94                EXTI2_IRQHandler
                0x0000000000014c94                TIM8_TRG_COM_IRQHandler
                0x0000000000014c94                TIM8_CC_IRQHandler
                0x0000000000014c94                UART8_IRQHandler
                0x0000000000014c94                TIM1_CC_IRQHandler
                0x0000000000014c94                TIM6_IRQHandler
                0x0000000000014c94                SysTick_Handler
                0x0000000000014c94                PVD_IRQHandler
                0x0000000000014c94                SDIO_IRQHandler
                0x0000000000014c94                TIM9_BRK_IRQHandler
                0x0000000000014c94                DMA2_Channel8_IRQHandler
                0x0000000000014c94                CAN2_RX1_IRQHandler
                0x0000000000014c94                EXTI3_IRQHandler
                0x0000000000014c94                USBHS_IRQHandler
                0x0000000000014c94                DMA2_Channel9_IRQHandler
                0x0000000000014c94                TIM10_CC_IRQHandler
                0x0000000000014c94                USBFS_IRQHandler
                0x0000000000014c94                EXTI0_IRQHandler
                0x0000000000014c94                I2C2_EV_IRQHandler
                0x0000000000014c94                TIM10_TRG_COM_IRQHandler
                0x0000000000014c94                CAN2_SCE_IRQHandler
                0x0000000000014c94                ADC1_2_IRQHandler
                0x0000000000014c94                Break_Point_Handler
                0x0000000000014c94                SPI1_IRQHandler
                0x0000000000014c94                TAMPER_IRQHandler
                0x0000000000014c94                CAN2_RX0_IRQHandler
                0x0000000000014c94                TIM8_UP_IRQHandler
                0x0000000000014c94                Ecall_M_Mode_Handler
                0x0000000000014c94                DMA2_Channel2_IRQHandler
                0x0000000000014c94                DMA1_Channel4_IRQHandler
                0x0000000000014c94                TIM9_UP_IRQHandler
                0x0000000000014c94                USART3_IRQHandler
                0x0000000000014c94                RTC_IRQHandler
                0x0000000000014c94                DMA1_Channel7_IRQHandler
                0x0000000000014c94                CAN1_RX1_IRQHandler
                0x0000000000014c94                DVP_IRQHandler
                0x0000000000014c94                UART5_IRQHandler
                0x0000000000014c94                TIM4_IRQHandler
                0x0000000000014c94                DMA2_Channel1_IRQHandler
                0x0000000000014c94                I2C1_EV_IRQHandler
                0x0000000000014c94                DMA1_Channel6_IRQHandler
                0x0000000000014c94                UART4_IRQHandler
                0x0000000000014c94                DMA2_Channel4_IRQHandler
                0x0000000000014c94                TIM3_IRQHandler
                0x0000000000014c94                RCC_IRQHandler
                0x0000000000014c94                TIM1_TRG_COM_IRQHandler
                0x0000000000014c94                DMA1_Channel1_IRQHandler
                0x0000000000014c94                DMA2_Channel7_IRQHandler
                0x0000000000014c94                EXTI15_10_IRQHandler
                0x0000000000014c94                TIM7_IRQHandler
                0x0000000000014c94                CAN2_TX_IRQHandler
                0x0000000000014c94                TIM5_IRQHandler
                0x0000000000014c94                ETH_WKUP_IRQHandler
                0x0000000000014c94                SPI2_IRQHandler
                0x0000000000014c94                TIM10_BRK_IRQHandler
                0x0000000000014c94                TIM9_CC_IRQHandler
                0x0000000000014c94                DMA2_Channel5_IRQHandler
                0x0000000000014c94                DMA1_Channel5_IRQHandler
                0x0000000000014c94                EXTI4_IRQHandler
                0x0000000000014c94                USB_LP_CAN1_RX0_IRQHandler
                0x0000000000014c94                RNG_IRQHandler
                0x0000000000014c94                USB_HP_CAN1_TX_IRQHandler
                0x0000000000014c94                DMA1_Channel3_IRQHandler
                0x0000000000014c94                TIM1_UP_IRQHandler
                0x0000000000014c94                WWDG_IRQHandler
                0x0000000000014c94                USBHSWakeup_IRQHandler
                0x0000000000014c94                DMA2_Channel11_IRQHandler
                0x0000000000014c94                Ecall_U_Mode_Handler
                0x0000000000014c94                DMA2_Channel6_IRQHandler
                0x0000000000014c94                SW_Handler
                0x0000000000014c94                TIM1_BRK_IRQHandler
                0x0000000000014c94                DMA2_Channel10_IRQHandler
                0x0000000000014c94                EXTI1_IRQHandler
                0x0000000000014c94                RTCAlarm_IRQHandler
                0x0000000000014c94                TIM10_UP_IRQHandler
                0x0000000000014c94                TIM9_TRG_COM_IRQHandler
                0x0000000000014c94                UART7_IRQHandler
                0x0000000000014c94                USART2_IRQHandler
                0x0000000000014c94                UART6_IRQHandler
                0x0000000000014c94                I2C2_ER_IRQHandler
                0x0000000000014c94                DMA1_Channel2_IRQHandler
                0x0000000000014c94                TIM8_BRK_IRQHandler
                0x0000000000014c94                CAN1_SCE_IRQHandler
                0x0000000000014c94                FLASH_IRQHandler
                0x0000000000014c94                SPI3_IRQHandler
                0x0000000000014c94                I2C1_ER_IRQHandler
                0x0000000000014c94                USBWakeUp_IRQHandler
                0x0000000000014c94                DMA2_Channel3_IRQHandler
 .text.handle_reset
                0x0000000000014c96       0x8e ./Startup/startup_ch32v30x_D8C.o
                0x0000000000014c96                handle_reset
 .text.DBGMCU_GetCHIPID
                0x0000000000014d24        0xa ./Peripheral/src/ch32v30x_dbgmcu.o
                0x0000000000014d24                DBGMCU_GetCHIPID
 .text.ETH_DeInit
                0x0000000000014d2e       0x14 ./Peripheral/src/ch32v30x_eth.o
                0x0000000000014d2e                ETH_DeInit
 .text.ETH_StructInit
                0x0000000000014d42       0xd8 ./Peripheral/src/ch32v30x_eth.o
                0x0000000000014d42                ETH_StructInit
 .text.ETH_ReadPHYRegister
                0x0000000000014e1a       0x58 ./Peripheral/src/ch32v30x_eth.o
                0x0000000000014e1a                ETH_ReadPHYRegister
 .text.ETH_WritePHYRegister
                0x0000000000014e72       0x52 ./Peripheral/src/ch32v30x_eth.o
                0x0000000000014e72                ETH_WritePHYRegister
 .text.ETH_DMATxDescChainInit
                0x0000000000014ec4       0x42 ./Peripheral/src/ch32v30x_eth.o
                0x0000000000014ec4                ETH_DMATxDescChainInit
 .text.ETH_DMARxDescChainInit
                0x0000000000014f06       0x4c ./Peripheral/src/ch32v30x_eth.o
                0x0000000000014f06                ETH_DMARxDescChainInit
 .text.ETH_SoftwareReset
                0x0000000000014f52        0xe ./Peripheral/src/ch32v30x_eth.o
                0x0000000000014f52                ETH_SoftwareReset
 .text.ETH_DMAClearITPendingBit
                0x0000000000014f60        0x8 ./Peripheral/src/ch32v30x_eth.o
                0x0000000000014f60                ETH_DMAClearITPendingBit
 .text.ETH_FlushTransmitFIFO
                0x0000000000014f68       0x10 ./Peripheral/src/ch32v30x_eth.o
                0x0000000000014f68                ETH_FlushTransmitFIFO
 .text.ETH_Start
                0x0000000000014f78       0x34 ./Peripheral/src/ch32v30x_eth.o
                0x0000000000014f78                ETH_Start
 .text.ETH_DMAITConfig
                0x0000000000014fac       0x1e ./Peripheral/src/ch32v30x_eth.o
                0x0000000000014fac                ETH_DMAITConfig
 .text.EXTI_ClearITPendingBit
                0x0000000000014fca        0xa ./Peripheral/src/ch32v30x_exti.o
                0x0000000000014fca                EXTI_ClearITPendingBit
 .text.GPIO_Init
                0x0000000000014fd4       0xc0 ./Peripheral/src/ch32v30x_gpio.o
                0x0000000000014fd4                GPIO_Init
 .text.GPIO_SetBits
                0x0000000000015094        0x4 ./Peripheral/src/ch32v30x_gpio.o
                0x0000000000015094                GPIO_SetBits
 .text.GPIO_ResetBits
                0x0000000000015098        0x4 ./Peripheral/src/ch32v30x_gpio.o
                0x0000000000015098                GPIO_ResetBits
 .text.NVIC_Init
                0x000000000001509c       0x4e ./Peripheral/src/ch32v30x_misc.o
                0x000000000001509c                NVIC_Init
 .text.RCC_GetClocksFreq
                0x00000000000150ea      0x176 ./Peripheral/src/ch32v30x_rcc.o
                0x00000000000150ea                RCC_GetClocksFreq
 .text.RCC_AHBPeriphClockCmd
                0x0000000000015260       0x1e ./Peripheral/src/ch32v30x_rcc.o
                0x0000000000015260                RCC_AHBPeriphClockCmd
 .text.RCC_APB2PeriphClockCmd
                0x000000000001527e       0x1e ./Peripheral/src/ch32v30x_rcc.o
                0x000000000001527e                RCC_APB2PeriphClockCmd
 .text.RCC_APB1PeriphClockCmd
                0x000000000001529c       0x1e ./Peripheral/src/ch32v30x_rcc.o
                0x000000000001529c                RCC_APB1PeriphClockCmd
 .text.RCC_GetFlagStatus
                0x00000000000152ba       0x2e ./Peripheral/src/ch32v30x_rcc.o
                0x00000000000152ba                RCC_GetFlagStatus
 .text.RCC_PREDIV2Config
                0x00000000000152e8       0x10 ./Peripheral/src/ch32v30x_rcc.o
                0x00000000000152e8                RCC_PREDIV2Config
 .text.RCC_PLL3Config
                0x00000000000152f8       0x12 ./Peripheral/src/ch32v30x_rcc.o
                0x00000000000152f8                RCC_PLL3Config
 .text.RCC_PLL3Cmd
                0x000000000001530a       0x24 ./Peripheral/src/ch32v30x_rcc.o
                0x000000000001530a                RCC_PLL3Cmd
 .text.RCC_AHBPeriphResetCmd
                0x000000000001532e       0x1e ./Peripheral/src/ch32v30x_rcc.o
                0x000000000001532e                RCC_AHBPeriphResetCmd
 .text.TIM_TimeBaseInit
                0x000000000001534c       0xaa ./Peripheral/src/ch32v30x_tim.o
                0x000000000001534c                TIM_TimeBaseInit
 .text.TIM_Cmd  0x00000000000153f6       0x18 ./Peripheral/src/ch32v30x_tim.o
                0x00000000000153f6                TIM_Cmd
 .text.TIM_ITConfig
                0x000000000001540e       0x12 ./Peripheral/src/ch32v30x_tim.o
                0x000000000001540e                TIM_ITConfig
 .text.TIM_ClearITPendingBit
                0x0000000000015420        0xc ./Peripheral/src/ch32v30x_tim.o
                0x0000000000015420                TIM_ClearITPendingBit
 .text.USART_Init
                0x000000000001542c       0x90 ./Peripheral/src/ch32v30x_usart.o
                0x000000000001542c                USART_Init
 .text.USART_Cmd
                0x00000000000154bc       0x16 ./Peripheral/src/ch32v30x_usart.o
                0x00000000000154bc                USART_Cmd
 .text.USART_ITConfig
                0x00000000000154d2       0x36 ./Peripheral/src/ch32v30x_usart.o
                0x00000000000154d2                USART_ITConfig
 .text.USART_SendData
                0x0000000000015508        0x8 ./Peripheral/src/ch32v30x_usart.o
                0x0000000000015508                USART_SendData
 .text.USART_ReceiveData
                0x0000000000015510        0x8 ./Peripheral/src/ch32v30x_usart.o
                0x0000000000015510                USART_ReceiveData
 .text.USART_GetFlagStatus
                0x0000000000015518        0xa ./Peripheral/src/ch32v30x_usart.o
                0x0000000000015518                USART_GetFlagStatus
 .text.USART_GetITStatus
                0x0000000000015522       0x3c ./Peripheral/src/ch32v30x_usart.o
                0x0000000000015522                USART_GetITStatus
 .text.USART_ClearITPendingBit
                0x000000000001555e       0x14 ./Peripheral/src/ch32v30x_usart.o
                0x000000000001555e                USART_ClearITPendingBit
 .text.ETH_TxPktChainMode
                0x0000000000015572       0x40 ./NetLib/eth_driver_10M.o
                0x0000000000015572                ETH_TxPktChainMode
 .text.ETH_LedDataSet
                0x00000000000155b2       0x22 ./NetLib/eth_driver_10M.o
                0x00000000000155b2                ETH_LedDataSet
 .text.ETH_LedLinkSet
                0x00000000000155d4       0x22 ./NetLib/eth_driver_10M.o
                0x00000000000155d4                ETH_LedLinkSet
 .text.WCHNET_GetMacAddr
                0x00000000000155f6       0x20 ./NetLib/eth_driver_10M.o
                0x00000000000155f6                WCHNET_GetMacAddr
 .text.WCHNET_TimeIsr
                0x0000000000015616        0xc ./NetLib/eth_driver_10M.o
                0x0000000000015616                WCHNET_TimeIsr
 .text.WCHNET_PhyPNProcess
                0x0000000000015622       0xa8 ./NetLib/eth_driver_10M.o
                0x0000000000015622                WCHNET_PhyPNProcess
 .text.WCHNET_LinkProcess
                0x00000000000156ca      0x328 ./NetLib/eth_driver_10M.o
                0x00000000000156ca                WCHNET_LinkProcess
 .text.WCHNET_HandlePhyNegotiation
                0x00000000000159f2      0x190 ./NetLib/eth_driver_10M.o
                0x00000000000159f2                WCHNET_HandlePhyNegotiation
 .text.ETH_LedConfiguration
                0x0000000000015b82       0x44 ./NetLib/eth_driver_10M.o
                0x0000000000015b82                ETH_LedConfiguration
 .text.ETH_SetClock
                0x0000000000015bc6       0x2a ./NetLib/eth_driver_10M.o
                0x0000000000015bc6                ETH_SetClock
 .text.ETH_LinkUpCfg
                0x0000000000015bf0       0x56 ./NetLib/eth_driver_10M.o
                0x0000000000015bf0                ETH_LinkUpCfg
 .text.ETH_PHYLink
                0x0000000000015c46      0x1aa ./NetLib/eth_driver_10M.o
                0x0000000000015c46                ETH_PHYLink
 .text.ReInitMACReg
                0x0000000000015df0      0x270 ./NetLib/eth_driver_10M.o
                0x0000000000015df0                ReInitMACReg
 .text.WCHNET_RecProcess
                0x0000000000016060       0x2c ./NetLib/eth_driver_10M.o
                0x0000000000016060                WCHNET_RecProcess
 .text.WCHNET_MainTask
                0x000000000001608c       0x14 ./NetLib/eth_driver_10M.o
                0x000000000001608c                WCHNET_MainTask
 .text.ETH_RegInit
                0x00000000000160a0       0xda ./NetLib/eth_driver_10M.o
                0x00000000000160a0                ETH_RegInit
 .text.ETH_Configuration
                0x000000000001617a       0xe2 ./NetLib/eth_driver_10M.o
                0x000000000001617a                ETH_Configuration
 .text.WCHNET_ETHIsr
                0x000000000001625c       0x7e ./NetLib/eth_driver_10M.o
                0x000000000001625c                WCHNET_ETHIsr
 .text.ETH_Init
                0x00000000000162da       0x90 ./NetLib/eth_driver_10M.o
                0x00000000000162da                ETH_Init
 .text.ETH_LibInit
                0x000000000001636a       0x86 ./NetLib/eth_driver_10M.o
                0x000000000001636a                ETH_LibInit
 .text.Delay_Init
                0x00000000000163f0       0x26 ./Debug/debug.o
                0x00000000000163f0                Delay_Init
 .text.Delay_Us
                0x0000000000016416       0x36 ./Debug/debug.o
                0x0000000000016416                Delay_Us
 .text.Delay_Ms
                0x000000000001644c       0x36 ./Debug/debug.o
                0x000000000001644c                Delay_Ms
 .text._write   0x0000000000016482       0x3e ./Debug/debug.o
                0x0000000000016482                _write